MPLINK 4.48, Linker
Linker Map File - Created Thu Feb 15 18:33:38 2024

                                 Section Info
                  Section       Type    Address   Location Size(Bytes)
                ---------  ---------  ---------  ---------  ---------
                   .org_0       code   0x000000    program   0x000000
                   .org_1       code   0x000000    program   0x000002
                   .org_2       code   0x000004    program   0x000476
    .config_2007_MASTER.O       code   0x002007    program   0x000002



                              Program Memory Usage 
                               Start         End      
                           ---------   ---------      
                            0x000000    0x000000      
                            0x000004    0x00023e      
                            0x002007    0x002007      
            573 out of 8454 program addresses used, program memory utilization is 6%



                              Symbols - Sorted by Name
                     Name    Address   Location    Storage File                     
                ---------  ---------  ---------  --------- ---------                
                 ADDITION   0x000185    program     static C:\Users\LENOVO\Documents\PIC\Project#3\master.asm
                     BACK   0x00003d    program     static C:\Users\LENOVO\Documents\PIC\Project#3\master.asm
            BeginEntering   0x000091    program     static C:\Users\LENOVO\Documents\PIC\Project#3\master.asm
                CarryLoop   0x000141    program     static C:\Users\LENOVO\Documents\PIC\Project#3\master.asm
                   DDIGIT   0x000190    program     static C:\Users\LENOVO\Documents\PIC\Project#3\master.asm
              DigitIsZero   0x00014d    program     static C:\Users\LENOVO\Documents\PIC\Project#3\master.asm
         ENTERNumber1Ones   0x0000c4    program     static C:\Users\LENOVO\Documents\PIC\Project#3\master.asm
         ENTERNumber1Tens   0x0000ab    program     static C:\Users\LENOVO\Documents\PIC\Project#3\master.asm
         ENTERNumber2Ones   0x00010b    program     static C:\Users\LENOVO\Documents\PIC\Project#3\master.asm
         ENTERNumber2Tens   0x0000f2    program     static C:\Users\LENOVO\Documents\PIC\Project#3\master.asm
                EqualSign   0x00011f    program     static C:\Users\LENOVO\Documents\PIC\Project#3\master.asm
            INCREMENTONES   0x0000cc    program     static C:\Users\LENOVO\Documents\PIC\Project#3\master.asm
           INCREMENTONES2   0x000113    program     static C:\Users\LENOVO\Documents\PIC\Project#3\master.asm
            INCREMENTTENS   0x0000b3    program     static C:\Users\LENOVO\Documents\PIC\Project#3\master.asm
           INCREMENTTENS2   0x0000fa    program     static C:\Users\LENOVO\Documents\PIC\Project#3\master.asm
                      ISR   0x000036    program     static C:\Users\LENOVO\Documents\PIC\Project#3\master.asm
                  MAXNine   0x0000b6    program     static C:\Users\LENOVO\Documents\PIC\Project#3\master.asm
                 MAXNine2   0x0000fd    program     static C:\Users\LENOVO\Documents\PIC\Project#3\master.asm
               MAXNineOne   0x0000cf    program     static C:\Users\LENOVO\Documents\PIC\Project#3\master.asm
              MAXNineOne2   0x000116    program     static C:\Users\LENOVO\Documents\PIC\Project#3\master.asm
                  MulLoop   0x00012a    program     static C:\Users\LENOVO\Documents\PIC\Project#3\master.asm
                  MulSign   0x0000d8    program     static C:\Users\LENOVO\Documents\PIC\Project#3\master.asm
             MullOnesLoop   0x00013e    program     static C:\Users\LENOVO\Documents\PIC\Project#3\master.asm
                 MullPIC1   0x000135    program     static C:\Users\LENOVO\Documents\PIC\Project#3\master.asm
              MullTenLoop   0x00014f    program     static C:\Users\LENOVO\Documents\PIC\Project#3\master.asm
               Num1Concat   0x000126    program     static C:\Users\LENOVO\Documents\PIC\Project#3\master.asm
                  Number1   0x000096    program     static C:\Users\LENOVO\Documents\PIC\Project#3\master.asm
            Number1String   0x000200    program     static C:\Users\LENOVO\Documents\PIC\Project#3\master.asm
               PrintFinal   0x0001a1    program     static C:\Users\LENOVO\Documents\PIC\Project#3\master.asm
                  RECIVED   0x000178    program     static C:\Users\LENOVO\Documents\PIC\Project#3\master.asm
                  RXCHECK   0x000172    program     static C:\Users\LENOVO\Documents\PIC\Project#3\master.asm
               ReturnFlag   0x000183    program     static C:\Users\LENOVO\Documents\PIC\Project#3\master.asm
            SecondNumCame   0x000180    program     static C:\Users\LENOVO\Documents\PIC\Project#3\master.asm
              SepNumber1H   0x000157    program     static C:\Users\LENOVO\Documents\PIC\Project#3\master.asm
        SetCursorNum1Ones   0x0000bf    program     static C:\Users\LENOVO\Documents\PIC\Project#3\master.asm
        SetCursorNum1Tens   0x0000a7    program     static C:\Users\LENOVO\Documents\PIC\Project#3\master.asm
        SetCursorNum2Ones   0x000106    program     static C:\Users\LENOVO\Documents\PIC\Project#3\master.asm
        SetCursorNum2Tens   0x0000ed    program     static C:\Users\LENOVO\Documents\PIC\Project#3\master.asm
                 THOUSAND   0x000197    program     static C:\Users\LENOVO\Documents\PIC\Project#3\master.asm
                 TRANSMIT   0x0001c6    program     static C:\Users\LENOVO\Documents\PIC\Project#3\master.asm
              backFromSep   0x00017f    program     static C:\Users\LENOVO\Documents\PIC\Project#3\master.asm
                digitOnes   0x000147    program     static C:\Users\LENOVO\Documents\PIC\Project#3\master.asm
                     inid   0x000066    program     static C:\Users\LENOVO\Documents\PIC\Project#3\LCDIS.INC
                     init   0x000005    program     static C:\Users\LENOVO\Documents\PIC\Project#3\master.asm
                     loop   0x000164    program     static C:\Users\LENOVO\Documents\PIC\Project#3\master.asm
                    loop1   0x000048    program     static C:\Users\LENOVO\Documents\PIC\Project#3\LCDIS.INC
                    loopX   0x00004d    program     static C:\Users\LENOVO\Documents\PIC\Project#3\LCDIS.INC
                   newMUL   0x000216    program     static C:\Users\LENOVO\Documents\PIC\Project#3\master.asm
             num1Separate   0x00015a    program     static C:\Users\LENOVO\Documents\PIC\Project#3\master.asm
                    onems   0x000046    program     static C:\Users\LENOVO\Documents\PIC\Project#3\LCDIS.INC
                   pulseE   0x000051    program     static C:\Users\LENOVO\Documents\PIC\Project#3\LCDIS.INC
              resetTimer0   0x000167    program     static C:\Users\LENOVO\Documents\PIC\Project#3\master.asm
                     send   0x000056    program     static C:\Users\LENOVO\Documents\PIC\Project#3\LCDIS.INC
                    start   0x000081    program     static C:\Users\LENOVO\Documents\PIC\Project#3\master.asm
     tenDigitWithoutCarry   0x00018a    program     static C:\Users\LENOVO\Documents\PIC\Project#3\master.asm
            welcomeString   0x0001c9    program     static C:\Users\LENOVO\Documents\PIC\Project#3\master.asm
                      xms   0x00004c    program     static C:\Users\LENOVO\Documents\PIC\Project#3\LCDIS.INC



                              Symbols - Sorted by Address
                     Name    Address   Location    Storage File                     
                ---------  ---------  ---------  --------- ---------                
                     init   0x000005    program     static C:\Users\LENOVO\Documents\PIC\Project#3\master.asm
                      ISR   0x000036    program     static C:\Users\LENOVO\Documents\PIC\Project#3\master.asm
                     BACK   0x00003d    program     static C:\Users\LENOVO\Documents\PIC\Project#3\master.asm
                    onems   0x000046    program     static C:\Users\LENOVO\Documents\PIC\Project#3\LCDIS.INC
                    loop1   0x000048    program     static C:\Users\LENOVO\Documents\PIC\Project#3\LCDIS.INC
                      xms   0x00004c    program     static C:\Users\LENOVO\Documents\PIC\Project#3\LCDIS.INC
                    loopX   0x00004d    program     static C:\Users\LENOVO\Documents\PIC\Project#3\LCDIS.INC
                   pulseE   0x000051    program     static C:\Users\LENOVO\Documents\PIC\Project#3\LCDIS.INC
                     send   0x000056    program     static C:\Users\LENOVO\Documents\PIC\Project#3\LCDIS.INC
                     inid   0x000066    program     static C:\Users\LENOVO\Documents\PIC\Project#3\LCDIS.INC
                    start   0x000081    program     static C:\Users\LENOVO\Documents\PIC\Project#3\master.asm
            BeginEntering   0x000091    program     static C:\Users\LENOVO\Documents\PIC\Project#3\master.asm
                  Number1   0x000096    program     static C:\Users\LENOVO\Documents\PIC\Project#3\master.asm
        SetCursorNum1Tens   0x0000a7    program     static C:\Users\LENOVO\Documents\PIC\Project#3\master.asm
         ENTERNumber1Tens   0x0000ab    program     static C:\Users\LENOVO\Documents\PIC\Project#3\master.asm
            INCREMENTTENS   0x0000b3    program     static C:\Users\LENOVO\Documents\PIC\Project#3\master.asm
                  MAXNine   0x0000b6    program     static C:\Users\LENOVO\Documents\PIC\Project#3\master.asm
        SetCursorNum1Ones   0x0000bf    program     static C:\Users\LENOVO\Documents\PIC\Project#3\master.asm
         ENTERNumber1Ones   0x0000c4    program     static C:\Users\LENOVO\Documents\PIC\Project#3\master.asm
            INCREMENTONES   0x0000cc    program     static C:\Users\LENOVO\Documents\PIC\Project#3\master.asm
               MAXNineOne   0x0000cf    program     static C:\Users\LENOVO\Documents\PIC\Project#3\master.asm
                  MulSign   0x0000d8    program     static C:\Users\LENOVO\Documents\PIC\Project#3\master.asm
        SetCursorNum2Tens   0x0000ed    program     static C:\Users\LENOVO\Documents\PIC\Project#3\master.asm
         ENTERNumber2Tens   0x0000f2    program     static C:\Users\LENOVO\Documents\PIC\Project#3\master.asm
           INCREMENTTENS2   0x0000fa    program     static C:\Users\LENOVO\Documents\PIC\Project#3\master.asm
                 MAXNine2   0x0000fd    program     static C:\Users\LENOVO\Documents\PIC\Project#3\master.asm
        SetCursorNum2Ones   0x000106    program     static C:\Users\LENOVO\Documents\PIC\Project#3\master.asm
         ENTERNumber2Ones   0x00010b    program     static C:\Users\LENOVO\Documents\PIC\Project#3\master.asm
           INCREMENTONES2   0x000113    program     static C:\Users\LENOVO\Documents\PIC\Project#3\master.asm
              MAXNineOne2   0x000116    program     static C:\Users\LENOVO\Documents\PIC\Project#3\master.asm
                EqualSign   0x00011f    program     static C:\Users\LENOVO\Documents\PIC\Project#3\master.asm
               Num1Concat   0x000126    program     static C:\Users\LENOVO\Documents\PIC\Project#3\master.asm
                  MulLoop   0x00012a    program     static C:\Users\LENOVO\Documents\PIC\Project#3\master.asm
                 MullPIC1   0x000135    program     static C:\Users\LENOVO\Documents\PIC\Project#3\master.asm
             MullOnesLoop   0x00013e    program     static C:\Users\LENOVO\Documents\PIC\Project#3\master.asm
                CarryLoop   0x000141    program     static C:\Users\LENOVO\Documents\PIC\Project#3\master.asm
                digitOnes   0x000147    program     static C:\Users\LENOVO\Documents\PIC\Project#3\master.asm
              DigitIsZero   0x00014d    program     static C:\Users\LENOVO\Documents\PIC\Project#3\master.asm
              MullTenLoop   0x00014f    program     static C:\Users\LENOVO\Documents\PIC\Project#3\master.asm
              SepNumber1H   0x000157    program     static C:\Users\LENOVO\Documents\PIC\Project#3\master.asm
             num1Separate   0x00015a    program     static C:\Users\LENOVO\Documents\PIC\Project#3\master.asm
                     loop   0x000164    program     static C:\Users\LENOVO\Documents\PIC\Project#3\master.asm
              resetTimer0   0x000167    program     static C:\Users\LENOVO\Documents\PIC\Project#3\master.asm
                  RXCHECK   0x000172    program     static C:\Users\LENOVO\Documents\PIC\Project#3\master.asm
                  RECIVED   0x000178    program     static C:\Users\LENOVO\Documents\PIC\Project#3\master.asm
              backFromSep   0x00017f    program     static C:\Users\LENOVO\Documents\PIC\Project#3\master.asm
            SecondNumCame   0x000180    program     static C:\Users\LENOVO\Documents\PIC\Project#3\master.asm
               ReturnFlag   0x000183    program     static C:\Users\LENOVO\Documents\PIC\Project#3\master.asm
                 ADDITION   0x000185    program     static C:\Users\LENOVO\Documents\PIC\Project#3\master.asm
     tenDigitWithoutCarry   0x00018a    program     static C:\Users\LENOVO\Documents\PIC\Project#3\master.asm
                   DDIGIT   0x000190    program     static C:\Users\LENOVO\Documents\PIC\Project#3\master.asm
                 THOUSAND   0x000197    program     static C:\Users\LENOVO\Documents\PIC\Project#3\master.asm
               PrintFinal   0x0001a1    program     static C:\Users\LENOVO\Documents\PIC\Project#3\master.asm
                 TRANSMIT   0x0001c6    program     static C:\Users\LENOVO\Documents\PIC\Project#3\master.asm
            welcomeString   0x0001c9    program     static C:\Users\LENOVO\Documents\PIC\Project#3\master.asm
            Number1String   0x000200    program     static C:\Users\LENOVO\Documents\PIC\Project#3\master.asm
                   newMUL   0x000216    program     static C:\Users\LENOVO\Documents\PIC\Project#3\master.asm


