MPASM  5.50                          RXTX.ASM   2-12-2024  18:33:38         PAGE  1


LOC  OBJECT CODE     LINE SOURCE TEXT
  VALUE

                      00001 
                      00002         PROCESSOR 16F877A
                      00003         INCLUDE "P16F877A.INC"  
                      00001         LIST
                      00002 ; P16F877A.INC  Standard Header File, Version 1.00    Microchip Technology, Inc.
                      00398         LIST
                      00004 
2007   3731           00005         __CONFIG 0x3731
                      00006 
  00000020            00007 TimerY EQU 0x20 
  00000025            00008 Char EQU 0x25
  00000026            00009 CharZ EQU 0x26
  00800000            00010 DELAY_COUNT equ 800000
                      00011 ;NUM EQU 0x25
                      00012 
                      00013 ; The instructions should start from here
0000                  00014         ORG 0x00
0000   2805           00015         GOTO init
                      00016 
                      00017 
0004                  00018         ORG 0x04
0004   282C           00019         GOTO ISR
                      00020 
                      00021 ;    ORG 0x08 ; Additional interrupt vectors (if needed)
                      00022 ;       GOTO ISR2
                      00023 ; The init for our program
0005                  00024 init:
0005   1103           00025         BCF STATUS,Z
0006   1683 1303      00026         BANKSEL TRISB 
Message[302]: Register in operand not in bank 0.  Ensure that bank bits are correct.
0008   1406           00027         BSF TRISB, 0 ;Sets TRISB0 as an input.
                      00028         
0009   1283 1303      00029         BANKSEL INTCON
000B   178B           00030         BSF INTCON, GIE
000C   160B           00031         BSF INTCON, INTE
000D   1683 1303      00032         BANKSEL TRISD
Message[302]: Register in operand not in bank 0.  Ensure that bank bits are correct.
000F   0188           00033         CLRF TRISD
                      00034         
0010   1283 1303      00035         BANKSEL PORTD
0012   205F           00036         CALL inid
0013   2045           00037         CALL xms
0014   2045           00038         CALL xms
                      00039         
0015   1303           00040         BCF STATUS,6
0016   1683           00041         BSF STATUS,5
                      00042 
Message[302]: Register in operand not in bank 0.  Ensure that bank bits are correct.
0017   1307           00043         BCF TRISC,6
Message[302]: Register in operand not in bank 0.  Ensure that bank bits are correct.
0018   1787           00044         BSF TRISC,7
                      00045         
0019   3000           00046         MOVLW b'00000000' ; to make D output
MPASM  5.50                          RXTX.ASM   2-12-2024  18:33:38         PAGE  2


LOC  OBJECT CODE     LINE SOURCE TEXT
  VALUE

Message[302]: Register in operand not in bank 0.  Ensure that bank bits are correct.
001A   0088           00047         MOVWF TRISD
                      00048 
001B   3020           00049         MOVLW b'00100000'
Message[302]: Register in operand not in bank 0.  Ensure that bank bits are correct.
001C   0098           00050         MOVWF TXSTA
                      00051         
001D   1303           00052         BCF STATUS,6
001E   1283           00053         BCF STATUS,5
                      00054         
001F   3090           00055         MOVLW b'10010000'
0020   0098           00056         MOVWF RCSTA
                      00057         
0021   1303           00058         BCF STATUS,6
0022   1683           00059         BSF STATUS,5
0023   301F           00060         MOVLW d'31'
Message[302]: Register in operand not in bank 0.  Ensure that bank bits are correct.
0024   0099           00061         MOVWF SPBRG
                      00062         
0025   178B           00063         BSF INTCON,7
0026   170B           00064         BSF INTCON,6 
0027   1283 1303      00065         BANKSEL INTCON
0029   178B           00066         BSF INTCON,GIE
002A   170B           00067         BSF INTCON,PEIE
                      00068         
                      00069 
002B   287A           00070         GOTO start
                      00071 
                      00072 ; When intruput happend the program will enter here
002C                  00073 ISR:
002C   1283 1303      00074         BANKSEL INTCON
002E   120B           00075         BCF INTCON, INTE
002F   108B           00076         BCF INTCON, INTF
                      00077         ;DECF Char
Message[305]: Using default destination of 1 (file).
0030   0AA5           00078         INCF Char
0031   0825           00079         MOVFW Char
0032   204F           00080         CALL send
0033   0825           00081         MOVFW Char
0034   0099           00082         MOVWF TXREG
0035   209C           00083         CALL TRANSMIT
0036                  00084 BACK:
0036   1283 1303      00085         BANKSEL INTCON
0038   160B           00086         BSF INTCON, INTE
0039   178B           00087         BSF INTCON, GIE
003A   1683 1303      00088         BANKSEL PIE1
Message[302]: Register in operand not in bank 0.  Ensure that bank bits are correct.
003C   110C           00089         BCF PIE1,2
003D   0009           00090         retfie
                      00091 
                      00092 
                      00093 
                      00094 ;INCLUDE "LCDIS_PORTD.INC" ; IF U WANT TO USE LCD ON PORT D
MPASM  5.50                          RXTX.ASM   2-12-2024  18:33:38         PAGE  3


LOC  OBJECT CODE     LINE SOURCE TEXT
  VALUE

                      00095 ;INCLUDE "LCDIS_PORTA.INC" ; IF U WANT TO USE LCD ON PORT A
                      00096         INCLUDE "LCDIS.INC" 
                      00001 ;       LCDIS.INC               MPB     19-12-05
                      00002 ;
                      00003 ;       Include file to operate 16x2 LCD display
                      00004 ;       Uses GPR 70 - 75
                      00005 ;       
                      00006 ;       Final version
                      00007 ;-------------------------------------------------------------------------------------------
                      00008 
  00000070            00009 Timer1  EQU     70              ; 1ms count register
  00000071            00010 TimerX  EQU     71              ; Xms count register
  00000072            00011 Var     EQU     72              ; Output variable
  00000073            00012 Point   EQU     73              ; Program table pointer
  00000074            00013 Select  EQU     74              ; Used to set or clear RS bit
  00000075            00014 OutCod  EQU     75              ; Temp store for output code
                      00015 
  00000001            00016 RS      EQU     1               ; Register select output bit
  00000002            00017 E       EQU     2               ; Enable output clocks display input
                      00018 
                      00019 
                      00020 ;--------------------------------------------------------------------------------------------   
                      00021 ;       1ms delay with 1us cycle time (1000 cycles) assuming 4MHZ oscillator
                      00022 ;--------------------------------------------------------------------------------------------   
003E   0000           00023 onems   nop
003F   30F9           00024                 MOVLW   D'249'          ; Count for 1ms delay ==> 1 + 1 + 1 + 248 * (1 + 1 + 2) + 1 + 2 
                            + 2 = 
0040   00F0           00025                 MOVWF   Timer1          ; Load count
0041   0000           00026 loop1   NOP                     ; Pad for 4 cycle loop
Message[305]: Using default destination of 1 (file).
0042   0BF0           00027                 DECFSZ  Timer1          ; Count
0043   2841           00028                 GOTO    loop1           ; until Z
0044   0008           00029                 RETURN                  ; and finish
                      00030 
                      00031 ;---------------------------------------------------------------------------------------------  
                      00032 ;       Delay Xms
                      00033 ;       Receives count in W, uses Onems
                      00034 ;---------------------------------------------------------------------------------------------  
0045   00F1           00035 xms             MOVWF   TimerX          ; Count for X ms
0046   203E           00036 loopX   CALL    onems           ; Delay 1ms
Message[305]: Using default destination of 1 (file).
0047   0BF1           00037                 DECFSZ  TimerX          ; Repeat X times 
0048   2846           00038                 GOTO    loopX           ; until Z
0049   0008           00039                 RETURN                  ; and finish
                      00040 
                      00041 
                      00042 ;---------------------------------------------------------------------------------------------  
                      00043 ;       Generate data/command clock siganl E
                      00044 ;---------------------------------------------------------------------------------------------  
004A   1508           00045 pulseE  BSF     PORTD,E         ; Set E high
004B   203E           00046         CALL    onems           ; Delay 1ms
004C   1108           00047         BCF     PORTD,E         ; Reset E low
004D   203E           00048         CALL    onems           ; Delay 1ms
MPASM  5.50                          RXTX.ASM   2-12-2024  18:33:38         PAGE  4


LOC  OBJECT CODE     LINE SOURCE TEXT
  VALUE

004E   0008           00049         RETURN                  ; done
                      00050 
                      00051 ;---------------------------------------------------------------------------------------------  
                      00052 ;       Send a command byte in two nibbles from RB4 - RB7
                      00053 ;       Receives command in W, uses PulseE and Onems
                      00054 ;---------------------------------------------------------------------------------------------  
004F   00F5           00055 send    MOVWF   OutCod          ; Store output code
0050   39F0           00056         ANDLW   0F0             ; Clear low nybble
0051   0088           00057         MOVWF   PORTD           ; Output high nybble
0052   18F4           00058         BTFSC   Select,RS       ; Test RS bit
0053   1488           00059         BSF     PORTD,RS        ; and set for data
0054   204A           00060         CALL    pulseE          ; and clock display register
0055   203E           00061         CALL    onems           ; wait 1ms for display to complete
                      00062 
Message[305]: Using default destination of 1 (file).
0056   0EF5           00063         SWAPF   OutCod          ; Swap low and high nybbles 
0057   0875           00064         MOVF    OutCod,W        ; Retrieve output code
0058   39F0           00065         ANDLW   0F0             ; Clear low nybble
0059   0088           00066         MOVWF   PORTD           ; Output low nybble
005A   18F4           00067         BTFSC   Select,RS       ; Test RS bit
005B   1488           00068         BSF     PORTD,RS        ; and set for data
005C   204A           00069         CALL    pulseE          ; and clock display register
005D   203E           00070         CALL    onems           ; wait 1ms for display to complete
005E   0008           00071         RETURN                  ; done
                      00072 
                      00073 ;---------------------------------------------------------------------------------------------  
                      00074 ;       Initialise the display
                      00075 ;       Uses Send
                      00076 ;---------------------------------------------------------------------------------------------  
005F   3064           00077 inid    MOVLW   D'100'          ; Load count for 100ms delay
0060   2045           00078         CALL    xms             ; and wait for display start
0061   30F0           00079         MOVLW   0F0             ; Mask for select code
0062   00F4           00080         MOVWF   Select          ; High nybble not masked
                      00081 
0063   3030           00082         MOVLW   0x30            ; Load initial nibble
0064   0088           00083         MOVWF   PORTD           ; and output it to display
0065   204A           00084         CALL    pulseE          ; Latch initial code
0066   3005           00085         MOVLW   D'5'            ; Set delay 5ms
0067   2045           00086         CALL    xms             ; and wait
0068   204A           00087         CALL    pulseE          ; Latch initial code again
0069   203E           00088         CALL    onems           ; Wait 1ms
006A   204A           00089         CALL    pulseE          ; Latch initial code again
006B   1208           00090         BCF     PORTD,4         ; Set 4-bit mode
006C   204A           00091         CALL    pulseE          ; Latch it
                      00092         
006D   3028           00093         MOVLW   0x28            ; Set 4-bit mode, 2 lines
006E   204F           00094         CALL    send            ; and send code
006F   3008           00095         MOVLW   0x08            ; Switch off display
0070   204F           00096         CALL    send            ; and send code
0071   3001           00097         MOVLW   0x01            ; Code to clear display
0072   204F           00098         CALL    send            ; and send code
0073   3006           00099         MOVLW   0x06            ; Enable cursor auto inc  
0074   204F           00100         CALL    send            ; and send code
MPASM  5.50                          RXTX.ASM   2-12-2024  18:33:38         PAGE  5


LOC  OBJECT CODE     LINE SOURCE TEXT
  VALUE

0075   3080           00101         MOVLW   0x80            ; Zero display address
0076   204F           00102         CALL    send            ; and send code
0077   300C           00103         MOVLW   0x0C            ; Turn on display  
0078   204F           00104         CALL    send            ; and send code
                      00105 
0079   0008           00106         RETURN                  ; Done
                      00097 ; The main code for our program
007A                  00098 start:
                      00099 
007A   20AD           00100         CALL welcomeString
007B   2045           00101         CALL xms
007C   2045           00102         CALL xms
007D   2045           00103         CALL xms
007E   2045           00104         CALL xms
                      00105 
007F   20AD           00106         CALL welcomeString
                      00107 ;       MOVLW 0xff
0080   2045           00108         CALL xms
0081   2045           00109         CALL xms
0082   2045           00110         CALL xms
0083   2045           00111         CALL xms
                      00112 
0084   20AD           00113         CALL welcomeString
0085   2045           00114         CALL xms
0086   2045           00115         CALL xms
0087   2045           00116         CALL xms
0088   2045           00117         CALL xms
0089   2045           00118         CALL xms
                      00119 
                      00120 ;Number1:       
008A   20E4           00121         CALL Number1String
008B                  00122 Number1:
                      00123         ;CALL inid
008B   14F4           00124         BSF Select,RS
008C   3031           00125         MOVLW '1'
008D   204F           00126         CALL send
008E   3031           00127         MOVLW '1'
008F   00A5           00128         MOVWF Char
0090   0825           00129         MOVFW Char
0091   0099           00130         MOVWF TXREG
0092   209C           00131         CALL TRANSMIT
                      00132 
                      00133 
                      00134 
                      00135         ;CALL RXCHECK
                      00136 
0093                  00137 loop: 
0093   2045           00138         CALL xms
0094   2045           00139         CALL xms
0095   2045           00140         CALL xms
0096   2045           00141         CALL xms
0097   2893           00142         GOTO loop
                      00143 
MPASM  5.50                          RXTX.ASM   2-12-2024  18:33:38         PAGE  6


LOC  OBJECT CODE     LINE SOURCE TEXT
  VALUE

                      00144 
                      00145 
                      00146 ;RXCHECK:
                      00147 ;       BTFSC PIR1,5
                      00148 ;       CALL RECIVED
                      00149 ;       GOTO RXCHECK
                      00150 ;       RETURN
                      00151 
0098                  00152 RECIVED:
0098   081A           00153         MOVF RCREG,0
0099   0088           00154         MOVWF PORTD
009A   128C           00155         BCF PIR1,5
009B   0008           00156         RETURN
                      00157 
009C                  00158 TRANSMIT:
009C   1E0C           00159         BTFSS PIR1,4
009D   289C           00160         GOTO TRANSMIT
009E   0008           00161         RETURN
                      00162 
009F                  00163 TIMERINT:
009F   1283 1303      00164         BANKSEL INTCON
00A1   120B           00165         BCF INTCON, INTE
00A2   108B           00166         BCF INTCON, INTF
00A3   14F4           00167         BSF Select,RS
00A4   3048           00168         MOVLW 'H'
00A5   204F           00169         CALL send
00A6   1283 1303      00170         BANKSEL PIR1
00A8   110C           00171         BCF PIR1,2
00A9   1683 1303      00172         BANKSEL PIE1
Message[302]: Register in operand not in bank 0.  Ensure that bank bits are correct.
00AB   110C           00173         BCF PIE1,2
                      00174 
00AC   2836           00175         GOTO BACK
                      00176 
00AD                  00177 welcomeString:
00AD   205F           00178         CALL inid
00AE   14F4           00179         BSF Select,RS
00AF   3057           00180         MOVLW 'W'
00B0   204F           00181         CALL send
00B1   3065           00182         MOVLW 'e'
00B2   204F           00183         CALL send
00B3   306C           00184         MOVLW 'l'
00B4   204F           00185         CALL send
00B5   3063           00186         MOVLW 'c'
00B6   204F           00187         CALL send
00B7   306F           00188         MOVLW 'o'
00B8   204F           00189         CALL send
00B9   306D           00190         MOVLW 'm'
00BA   204F           00191         CALL send
00BB   3065           00192         MOVLW 'e'
00BC   204F           00193         CALL send
00BD   3020           00194         MOVLW ' '
00BE   204F           00195         CALL send
MPASM  5.50                          RXTX.ASM   2-12-2024  18:33:38         PAGE  7


LOC  OBJECT CODE     LINE SOURCE TEXT
  VALUE

00BF   3074           00196         MOVLW 't'
00C0   204F           00197         CALL send
00C1   306F           00198         MOVLW 'o'
00C2   204F           00199         CALL send
00C3   10F4           00200         BCF Select,RS
00C4   30C0           00201         MOVLW 0xC0
00C5   204F           00202         CALL send
00C6   14F4           00203         BSF Select,RS
00C7   304D           00204         MOVLW 'M'
00C8   204F           00205         CALL send
00C9   3075           00206         MOVLW 'u'
00CA   204F           00207         CALL send
00CB   306C           00208         MOVLW 'l'
00CC   204F           00209         CALL send
00CD   3074           00210         MOVLW 't'
00CE   204F           00211         CALL send
00CF   3069           00212         MOVLW 'i'
00D0   204F           00213         CALL send
00D1   3070           00214         MOVLW 'p'
00D2   204F           00215         CALL send
00D3   306C           00216         MOVLW 'l'
00D4   204F           00217         CALL send
00D5   3069           00218         MOVLW 'i'
00D6   204F           00219         CALL send 
00D7   3063           00220         MOVLW 'c'
00D8   204F           00221         CALL send 
00D9   3061           00222         MOVLW 'a'
00DA   204F           00223         CALL send
00DB   3074           00224         MOVLW 't'
00DC   204F           00225         CALL send
00DD   3069           00226         MOVLW 'i'
00DE   204F           00227         CALL send
00DF   306F           00228         MOVLW 'o'
00E0   204F           00229         CALL send 
00E1   306E           00230         MOVLW 'n'
00E2   204F           00231         CALL send 
00E3   0008           00232         RETURN
00E4                  00233 Number1String:
00E4   205F           00234         CALL inid
00E5   14F4           00235         BSF Select,RS
00E6   304E           00236         MOVLW 'N'
00E7   204F           00237         CALL send
00E8   3075           00238         MOVLW 'u'
00E9   204F           00239         CALL send
00EA   306D           00240         MOVLW 'm'
00EB   204F           00241         CALL send
00EC   3062           00242         MOVLW 'b'
00ED   204F           00243         CALL send
00EE   3065           00244         MOVLW 'e'
00EF   204F           00245         CALL send
00F0   3072           00246         MOVLW 'r'
00F1   204F           00247         CALL send
00F2   3020           00248         MOVLW ' '
MPASM  5.50                          RXTX.ASM   2-12-2024  18:33:38         PAGE  8


LOC  OBJECT CODE     LINE SOURCE TEXT
  VALUE

00F3   204F           00249         CALL send
00F4   3031           00250         MOVLW '1'
00F5   204F           00251         CALL send
00F6   10F4           00252         BCF Select,RS
00F7   3081           00253         MOVLW 0x81
00F8   204F           00254         CALL send
00F9   0008           00255         RETURN
                      00256         
                      00257 
                      00258 
                      00259 
                      00260 
                      00261 
                      00262         END
MPASM  5.50                          RXTX.ASM   2-12-2024  18:33:38         PAGE  9


SYMBOL TABLE
  LABEL                             VALUE 

ACKDT                             00000005
ACKEN                             00000004
ACKSTAT                           00000006
ADCON0                            0000001F
ADCON1                            0000009F
ADCS0                             00000006
ADCS1                             00000007
ADDEN                             00000003
ADFM                              00000007
ADIE                              00000006
ADIF                              00000006
ADON                              00000000
ADRESH                            0000001E
ADRESL                            0000009E
BACK                              00000036
BCLIE                             00000003
BCLIF                             00000003
BF                                00000000
BRGH                              00000002
C                                 00000000
C1INV                             00000004
C1OUT                             00000006
C2INV                             00000005
C2OUT                             00000007
CCP1CON                           00000017
CCP1IE                            00000002
CCP1IF                            00000002
CCP1M0                            00000000
CCP1M1                            00000001
CCP1M2                            00000002
CCP1M3                            00000003
CCP1X                             00000005
CCP1Y                             00000004
CCP2CON                           0000001D
CCP2IE                            00000000
CCP2IF                            00000000
CCP2M0                            00000000
CCP2M1                            00000001
CCP2M2                            00000002
CCP2M3                            00000003
CCP2X                             00000005
CCP2Y                             00000004
CCPR1H                            00000016
CCPR1L                            00000015
CCPR2H                            0000001C
CCPR2L                            0000001B
CHS0                              00000003
CHS1                              00000004
CHS2                              00000005
CIS                               00000003
CKE                               00000006
CKP                               00000004
CM0                               00000000
MPASM  5.50                          RXTX.ASM   2-12-2024  18:33:38         PAGE 10


SYMBOL TABLE
  LABEL                             VALUE 

CM1                               00000001
CM2                               00000002
CMCON                             0000009C
CMIE                              00000006
CMIF                              00000006
CREN                              00000004
CSRC                              00000007
CVR0                              00000000
CVR1                              00000001
CVR2                              00000002
CVR3                              00000003
CVRCON                            0000009D
CVREN                             00000007
CVROE                             00000006
CVRR                              00000005
Char                              00000025
CharZ                             00000026
D                                 00000005
DATA_ADDRESS                      00000005
DC                                00000001
DELAY_COUNT                       00800000
D_A                               00000005
E                                 00000002
EEADR                             0000010D
EEADRH                            0000010F
EECON1                            0000018C
EECON2                            0000018D
EEDATA                            0000010C
EEDATH                            0000010E
EEIE                              00000004
EEIF                              00000004
EEPGD                             00000007
F                                 00000001
FERR                              00000002
FSR                               00000004
GCEN                              00000007
GIE                               00000007
GO                                00000002
GO_DONE                           00000002
I2C_DATA                          00000005
I2C_READ                          00000002
I2C_START                         00000003
I2C_STOP                          00000004
IBF                               00000007
IBOV                              00000005
INDF                              00000000
INTCON                            0000000B
INTE                              00000004
INTEDG                            00000006
INTF                              00000001
IRP                               00000007
ISR                               0000002C
NOT_A                             00000005
MPASM  5.50                          RXTX.ASM   2-12-2024  18:33:38         PAGE 11


SYMBOL TABLE
  LABEL                             VALUE 

NOT_ADDRESS                       00000005
NOT_BO                            00000000
NOT_BOR                           00000000
NOT_DONE                          00000002
NOT_PD                            00000003
NOT_POR                           00000001
NOT_RBPU                          00000007
NOT_RC8                           00000006
NOT_T1SYNC                        00000002
NOT_TO                            00000004
NOT_TX8                           00000006
NOT_W                             00000002
NOT_WRITE                         00000002
Number1                           0000008B
Number1String                     000000E4
OBF                               00000006
OERR                              00000001
OPTION_REG                        00000081
OutCod                            00000075
P                                 00000004
PCFG0                             00000000
PCFG1                             00000001
PCFG2                             00000002
PCFG3                             00000003
PCL                               00000002
PCLATH                            0000000A
PCON                              0000008E
PEIE                              00000006
PEN                               00000002
PIE1                              0000008C
PIE2                              0000008D
PIR1                              0000000C
PIR2                              0000000D
PORTA                             00000005
PORTB                             00000006
PORTC                             00000007
PORTD                             00000008
PORTE                             00000009
PR2                               00000092
PS0                               00000000
PS1                               00000001
PS2                               00000002
PSA                               00000003
PSPIE                             00000007
PSPIF                             00000007
PSPMODE                           00000004
Point                             00000073
R                                 00000002
RBIE                              00000003
RBIF                              00000000
RC8_9                             00000006
RC9                               00000006
RCD8                              00000000
MPASM  5.50                          RXTX.ASM   2-12-2024  18:33:38         PAGE 12


SYMBOL TABLE
  LABEL                             VALUE 

RCEN                              00000003
RCIE                              00000005
RCIF                              00000005
RCREG                             0000001A
RCSTA                             00000018
RD                                00000000
READ_WRITE                        00000002
RECIVED                           00000098
RP0                               00000005
RP1                               00000006
RS                                00000001
RSEN                              00000001
RX9                               00000006
RX9D                              00000000
R_W                               00000002
S                                 00000003
SEN                               00000000
SMP                               00000007
SPBRG                             00000099
SPEN                              00000007
SREN                              00000005
SSPADD                            00000093
SSPBUF                            00000013
SSPCON                            00000014
SSPCON2                           00000091
SSPEN                             00000005
SSPIE                             00000003
SSPIF                             00000003
SSPM0                             00000000
SSPM1                             00000001
SSPM2                             00000002
SSPM3                             00000003
SSPOV                             00000006
SSPSTAT                           00000094
STATUS                            00000003
SYNC                              00000004
Select                            00000074
T0CS                              00000005
T0IE                              00000005
T0IF                              00000002
T0SE                              00000004
T1CKPS0                           00000004
T1CKPS1                           00000005
T1CON                             00000010
T1INSYNC                          00000002
T1OSCEN                           00000003
T1SYNC                            00000002
T2CKPS0                           00000000
T2CKPS1                           00000001
T2CON                             00000012
TIMERINT                          0000009F
TMR0                              00000001
TMR0IE                            00000005
MPASM  5.50                          RXTX.ASM   2-12-2024  18:33:38         PAGE 13


SYMBOL TABLE
  LABEL                             VALUE 

TMR0IF                            00000002
TMR1CS                            00000001
TMR1H                             0000000F
TMR1IE                            00000000
TMR1IF                            00000000
TMR1L                             0000000E
TMR1ON                            00000000
TMR2                              00000011
TMR2IE                            00000001
TMR2IF                            00000001
TMR2ON                            00000002
TOUTPS0                           00000003
TOUTPS1                           00000004
TOUTPS2                           00000005
TOUTPS3                           00000006
TRANSMIT                          0000009C
TRISA                             00000085
TRISB                             00000086
TRISC                             00000087
TRISD                             00000088
TRISE                             00000089
TRISE0                            00000000
TRISE1                            00000001
TRISE2                            00000002
TRMT                              00000001
TX8_9                             00000006
TX9                               00000006
TX9D                              00000000
TXD8                              00000000
TXEN                              00000005
TXIE                              00000004
TXIF                              00000004
TXREG                             00000019
TXSTA                             00000098
Timer1                            00000070
TimerX                            00000071
TimerY                            00000020
UA                                00000001
Var                               00000072
W                                 00000000
WCOL                              00000007
WR                                00000001
WREN                              00000002
WRERR                             00000003
Z                                 00000002
_BODEN_OFF                        00003FBF
_BODEN_ON                         00003FFF
_CPD_OFF                          00003FFF
_CPD_ON                           00003EFF
_CP_ALL                           00001FFF
_CP_OFF                           00003FFF
_DEBUG_OFF                        00003FFF
_DEBUG_ON                         000037FF
MPASM  5.50                          RXTX.ASM   2-12-2024  18:33:38         PAGE 14


SYMBOL TABLE
  LABEL                             VALUE 

_HS_OSC                           00003FFE
_LP_OSC                           00003FFC
_LVP_OFF                          00003F7F
_LVP_ON                           00003FFF
_PWRTE_OFF                        00003FFF
_PWRTE_ON                         00003FF7
_RC_OSC                           00003FFF
_WDT_OFF                          00003FFB
_WDT_ON                           00003FFF
_WRT_1FOURTH                      00003BFF
_WRT_256                          00003DFF
_WRT_HALF                         000039FF
_WRT_OFF                          00003FFF
_XT_OSC                           00003FFD
__16F877A                         00000001
__DEBUG                           1
inid                              0000005F
init                              00000005
loop                              00000093
loop1                             00000041
loopX                             00000046
onems                             0000003E
pulseE                            0000004A
send                              0000004F
start                             0000007A
welcomeString                     000000AD
xms                               00000045


MEMORY USAGE MAP ('X' = Used,  '-' = Unused)

0000 : X---XXXXXXXXXXXX XXXXXXXXXXXXXXXX XXXXXXXXXXXXXXXX XXXXXXXXXXXXXXXX
0040 : XXXXXXXXXXXXXXXX XXXXXXXXXXXXXXXX XXXXXXXXXXXXXXXX XXXXXXXXXXXXXXXX
0080 : XXXXXXXXXXXXXXXX XXXXXXXXXXXXXXXX XXXXXXXXXXXXXXXX XXXXXXXXXXXXXXXX
00C0 : XXXXXXXXXXXXXXXX XXXXXXXXXXXXXXXX XXXXXXXXXXXXXXXX XXXXXXXXXX------
2000 : -------X-------- ---------------- ---------------- ----------------

All other memory blocks unused.

Program Memory Words Used:   247
Program Memory Words Free:  7945


Errors   :     0
Warnings :     0 reported,     0 suppressed
Messages :    13 reported,     0 suppressed

