MPLINK 4.48, Linker
Linker Map File - Created Wed Feb 14 22:35:27 2024

                                 Section Info
                  Section       Type    Address   Location Size(Bytes)
                ---------  ---------  ---------  ---------  ---------
                   .org_0       code   0x000000    program   0x000000
                   .org_1       code   0x000000    program   0x000002
                   .org_2       code   0x000004    program   0x0001f2
     .config_2007_SLAVE.O       code   0x002007    program   0x000002



                              Program Memory Usage 
                               Start         End      
                           ---------   ---------      
                            0x000000    0x000000      
                            0x000004    0x0000fc      
                            0x002007    0x002007      
            251 out of 8454 program addresses used, program memory utilization is 2%



                              Symbols - Sorted by Name
                     Name    Address   Location    Storage File                     
                ---------  ---------  ---------  --------- ---------                
                     BACK   0x00002f    program     static C:\Users\LENOVO\Documents\PIC\PROJECT\New folder\slave.asm
                CARRYLOOP   0x0000ab    program     static C:\Users\LENOVO\Documents\PIC\PROJECT\New folder\slave.asm
                    DIGIT   0x0000b1    program     static C:\Users\LENOVO\Documents\PIC\PROJECT\New folder\slave.asm
                      ISR   0x00002b    program     static C:\Users\LENOVO\Documents\PIC\PROJECT\New folder\slave.asm
                      Mul   0x00009e    program     static C:\Users\LENOVO\Documents\PIC\PROJECT\New folder\slave.asm
                  MulLoop   0x0000a7    program     static C:\Users\LENOVO\Documents\PIC\PROJECT\New folder\slave.asm
               MulLoopTen   0x0000bb    program     static C:\Users\LENOVO\Documents\PIC\PROJECT\New folder\slave.asm
                    PRINT   0x0000c3    program     static C:\Users\LENOVO\Documents\PIC\PROJECT\New folder\slave.asm
                  RECIVED   0x00007e    program     static C:\Users\LENOVO\Documents\PIC\PROJECT\New folder\slave.asm
                  RXCHECK   0x000075    program     static C:\Users\LENOVO\Documents\PIC\PROJECT\New folder\slave.asm
               ReturnFlag   0x00009c    program     static C:\Users\LENOVO\Documents\PIC\PROJECT\New folder\slave.asm
                      SEP   0x0000d3    program     static C:\Users\LENOVO\Documents\PIC\PROJECT\New folder\slave.asm
                 TRANSMIT   0x00007b    program     static C:\Users\LENOVO\Documents\PIC\PROJECT\New folder\slave.asm
              digitIsZero   0x0000b7    program     static C:\Users\LENOVO\Documents\PIC\PROJECT\New folder\slave.asm
                     inid   0x000054    program     static C:\Users\LENOVO\Documents\PIC\PROJECT\New folder\LCDIS.INC
                     init   0x000005    program     static C:\Users\LENOVO\Documents\PIC\PROJECT\New folder\slave.asm
                     loop   0x000070    program     static C:\Users\LENOVO\Documents\PIC\PROJECT\New folder\slave.asm
                    loop1   0x000036    program     static C:\Users\LENOVO\Documents\PIC\PROJECT\New folder\LCDIS.INC
                   loop33   0x0000fc    program     static C:\Users\LENOVO\Documents\PIC\PROJECT\New folder\slave.asm
                    loopX   0x00003b    program     static C:\Users\LENOVO\Documents\PIC\PROJECT\New folder\LCDIS.INC
             num1Separate   0x000084    program     static C:\Users\LENOVO\Documents\PIC\PROJECT\New folder\slave.asm
            num1Separate2   0x0000e7    program     static C:\Users\LENOVO\Documents\PIC\PROJECT\New folder\slave.asm
                    onems   0x000034    program     static C:\Users\LENOVO\Documents\PIC\PROJECT\New folder\LCDIS.INC
                   pulseE   0x00003f    program     static C:\Users\LENOVO\Documents\PIC\PROJECT\New folder\LCDIS.INC
            secondNumCame   0x000096    program     static C:\Users\LENOVO\Documents\PIC\PROJECT\New folder\slave.asm
                     send   0x000044    program     static C:\Users\LENOVO\Documents\PIC\PROJECT\New folder\LCDIS.INC
                    start   0x00006f    program     static C:\Users\LENOVO\Documents\PIC\PROJECT\New folder\slave.asm
                  tenLoop   0x0000b9    program     static C:\Users\LENOVO\Documents\PIC\PROJECT\New folder\slave.asm
                      xms   0x00003a    program     static C:\Users\LENOVO\Documents\PIC\PROJECT\New folder\LCDIS.INC



                              Symbols - Sorted by Address
                     Name    Address   Location    Storage File                     
                ---------  ---------  ---------  --------- ---------                
                     init   0x000005    program     static C:\Users\LENOVO\Documents\PIC\PROJECT\New folder\slave.asm
                      ISR   0x00002b    program     static C:\Users\LENOVO\Documents\PIC\PROJECT\New folder\slave.asm
                     BACK   0x00002f    program     static C:\Users\LENOVO\Documents\PIC\PROJECT\New folder\slave.asm
                    onems   0x000034    program     static C:\Users\LENOVO\Documents\PIC\PROJECT\New folder\LCDIS.INC
                    loop1   0x000036    program     static C:\Users\LENOVO\Documents\PIC\PROJECT\New folder\LCDIS.INC
                      xms   0x00003a    program     static C:\Users\LENOVO\Documents\PIC\PROJECT\New folder\LCDIS.INC
                    loopX   0x00003b    program     static C:\Users\LENOVO\Documents\PIC\PROJECT\New folder\LCDIS.INC
                   pulseE   0x00003f    program     static C:\Users\LENOVO\Documents\PIC\PROJECT\New folder\LCDIS.INC
                     send   0x000044    program     static C:\Users\LENOVO\Documents\PIC\PROJECT\New folder\LCDIS.INC
                     inid   0x000054    program     static C:\Users\LENOVO\Documents\PIC\PROJECT\New folder\LCDIS.INC
                    start   0x00006f    program     static C:\Users\LENOVO\Documents\PIC\PROJECT\New folder\slave.asm
                     loop   0x000070    program     static C:\Users\LENOVO\Documents\PIC\PROJECT\New folder\slave.asm
                  RXCHECK   0x000075    program     static C:\Users\LENOVO\Documents\PIC\PROJECT\New folder\slave.asm
                 TRANSMIT   0x00007b    program     static C:\Users\LENOVO\Documents\PIC\PROJECT\New folder\slave.asm
                  RECIVED   0x00007e    program     static C:\Users\LENOVO\Documents\PIC\PROJECT\New folder\slave.asm
             num1Separate   0x000084    program     static C:\Users\LENOVO\Documents\PIC\PROJECT\New folder\slave.asm
            secondNumCame   0x000096    program     static C:\Users\LENOVO\Documents\PIC\PROJECT\New folder\slave.asm
               ReturnFlag   0x00009c    program     static C:\Users\LENOVO\Documents\PIC\PROJECT\New folder\slave.asm
                      Mul   0x00009e    program     static C:\Users\LENOVO\Documents\PIC\PROJECT\New folder\slave.asm
                  MulLoop   0x0000a7    program     static C:\Users\LENOVO\Documents\PIC\PROJECT\New folder\slave.asm
                CARRYLOOP   0x0000ab    program     static C:\Users\LENOVO\Documents\PIC\PROJECT\New folder\slave.asm
                    DIGIT   0x0000b1    program     static C:\Users\LENOVO\Documents\PIC\PROJECT\New folder\slave.asm
              digitIsZero   0x0000b7    program     static C:\Users\LENOVO\Documents\PIC\PROJECT\New folder\slave.asm
                  tenLoop   0x0000b9    program     static C:\Users\LENOVO\Documents\PIC\PROJECT\New folder\slave.asm
               MulLoopTen   0x0000bb    program     static C:\Users\LENOVO\Documents\PIC\PROJECT\New folder\slave.asm
                    PRINT   0x0000c3    program     static C:\Users\LENOVO\Documents\PIC\PROJECT\New folder\slave.asm
                      SEP   0x0000d3    program     static C:\Users\LENOVO\Documents\PIC\PROJECT\New folder\slave.asm
            num1Separate2   0x0000e7    program     static C:\Users\LENOVO\Documents\PIC\PROJECT\New folder\slave.asm
                   loop33   0x0000fc    program     static C:\Users\LENOVO\Documents\PIC\PROJECT\New folder\slave.asm


