MPLINK 4.48, Linker
Linker Map File - Created Fri Feb 02 16:01:01 2024

                                 Section Info
                  Section       Type    Address   Location Size(Bytes)
                ---------  ---------  ---------  ---------  ---------
                   .org_0       code   0x000000    program   0x000000
                   .org_1       code   0x000000    program   0x000002
                   .org_2       code   0x000004    program   0x0000e0
     .config_2007_SLAVE.O       code   0x002007    program   0x000002



                              Program Memory Usage 
                               Start         End      
                           ---------   ---------      
                            0x000000    0x000000      
                            0x000004    0x000073      
                            0x002007    0x002007      
            114 out of 8454 program addresses used, program memory utilization is 1%



                              Symbols - Sorted by Name
                     Name    Address   Location    Storage File                     
                ---------  ---------  ---------  --------- ---------                
                     BACK   0x000025    program     static D:\BZU\Real Time\RXTXexample\Slave\slave.asm
                      ISR   0x000021    program     static D:\BZU\Real Time\RXTXexample\Slave\slave.asm
                  RECIVED   0x00006f    program     static D:\BZU\Real Time\RXTXexample\Slave\slave.asm
                  RXCHECK   0x00006b    program     static D:\BZU\Real Time\RXTXexample\Slave\slave.asm
                     inid   0x00004a    program     static D:\BZU\Real Time\RXTXexample\Slave\LCDIS.INC
                     init   0x000005    program     static D:\BZU\Real Time\RXTXexample\Slave\slave.asm
                     loop   0x000066    program     static D:\BZU\Real Time\RXTXexample\Slave\slave.asm
                    loop1   0x00002c    program     static D:\BZU\Real Time\RXTXexample\Slave\LCDIS.INC
                    loopX   0x000031    program     static D:\BZU\Real Time\RXTXexample\Slave\LCDIS.INC
                    onems   0x00002a    program     static D:\BZU\Real Time\RXTXexample\Slave\LCDIS.INC
                   pulseE   0x000035    program     static D:\BZU\Real Time\RXTXexample\Slave\LCDIS.INC
                     send   0x00003a    program     static D:\BZU\Real Time\RXTXexample\Slave\LCDIS.INC
                    start   0x000065    program     static D:\BZU\Real Time\RXTXexample\Slave\slave.asm
                      xms   0x000030    program     static D:\BZU\Real Time\RXTXexample\Slave\LCDIS.INC



                              Symbols - Sorted by Address
                     Name    Address   Location    Storage File                     
                ---------  ---------  ---------  --------- ---------                
                     init   0x000005    program     static D:\BZU\Real Time\RXTXexample\Slave\slave.asm
                      ISR   0x000021    program     static D:\BZU\Real Time\RXTXexample\Slave\slave.asm
                     BACK   0x000025    program     static D:\BZU\Real Time\RXTXexample\Slave\slave.asm
                    onems   0x00002a    program     static D:\BZU\Real Time\RXTXexample\Slave\LCDIS.INC
                    loop1   0x00002c    program     static D:\BZU\Real Time\RXTXexample\Slave\LCDIS.INC
                      xms   0x000030    program     static D:\BZU\Real Time\RXTXexample\Slave\LCDIS.INC
                    loopX   0x000031    program     static D:\BZU\Real Time\RXTXexample\Slave\LCDIS.INC
                   pulseE   0x000035    program     static D:\BZU\Real Time\RXTXexample\Slave\LCDIS.INC
                     send   0x00003a    program     static D:\BZU\Real Time\RXTXexample\Slave\LCDIS.INC
                     inid   0x00004a    program     static D:\BZU\Real Time\RXTXexample\Slave\LCDIS.INC
                    start   0x000065    program     static D:\BZU\Real Time\RXTXexample\Slave\slave.asm
                     loop   0x000066    program     static D:\BZU\Real Time\RXTXexample\Slave\slave.asm
                  RXCHECK   0x00006b    program     static D:\BZU\Real Time\RXTXexample\Slave\slave.asm
                  RECIVED   0x00006f    program     static D:\BZU\Real Time\RXTXexample\Slave\slave.asm


