MPLINK 4.48, Linker
Linker Map File - Created Thu Feb 15 09:55:06 2024

                                 Section Info
                  Section       Type    Address   Location Size(Bytes)
                ---------  ---------  ---------  ---------  ---------
                   .org_0       code   0x000000    program   0x000000
                   .org_1       code   0x000000    program   0x000002
                   .org_2       code   0x000004    program   0x0004a4
      .config_2007_RXTX.O       code   0x002007    program   0x000002



                              Program Memory Usage 
                               Start         End      
                           ---------   ---------      
                            0x000000    0x000000      
                            0x000004    0x000255      
                            0x002007    0x002007      
            596 out of 8454 program addresses used, program memory utilization is 7%



                              Symbols - Sorted by Name
                     Name    Address   Location    Storage File                     
                ---------  ---------  ---------  --------- ---------                
                 ADDITION   0x00018e    program     static D:\BZU\Real Time\RXTXexample\RxTx.asm
                     BACK   0x00003d    program     static D:\BZU\Real Time\RXTXexample\RxTx.asm
            BeginEntering   0x000092    program     static D:\BZU\Real Time\RXTXexample\RxTx.asm
                CarryLoop   0x000142    program     static D:\BZU\Real Time\RXTXexample\RxTx.asm
                   DDIGIT   0x000199    program     static D:\BZU\Real Time\RXTXexample\RxTx.asm
              DigitIsZero   0x00014e    program     static D:\BZU\Real Time\RXTXexample\RxTx.asm
         ENTERNumber1Ones   0x0000c5    program     static D:\BZU\Real Time\RXTXexample\RxTx.asm
         ENTERNumber1Tens   0x0000ac    program     static D:\BZU\Real Time\RXTXexample\RxTx.asm
         ENTERNumber2Ones   0x00010c    program     static D:\BZU\Real Time\RXTXexample\RxTx.asm
         ENTERNumber2Tens   0x0000f3    program     static D:\BZU\Real Time\RXTXexample\RxTx.asm
                EqualSign   0x000120    program     static D:\BZU\Real Time\RXTXexample\RxTx.asm
            INCREMENTONES   0x0000cd    program     static D:\BZU\Real Time\RXTXexample\RxTx.asm
           INCREMENTONES2   0x000114    program     static D:\BZU\Real Time\RXTXexample\RxTx.asm
            INCREMENTTENS   0x0000b4    program     static D:\BZU\Real Time\RXTXexample\RxTx.asm
           INCREMENTTENS2   0x0000fb    program     static D:\BZU\Real Time\RXTXexample\RxTx.asm
                      ISR   0x000036    program     static D:\BZU\Real Time\RXTXexample\RxTx.asm
                  MAXNine   0x0000b7    program     static D:\BZU\Real Time\RXTXexample\RxTx.asm
                 MAXNine2   0x0000fe    program     static D:\BZU\Real Time\RXTXexample\RxTx.asm
               MAXNineOne   0x0000d0    program     static D:\BZU\Real Time\RXTXexample\RxTx.asm
              MAXNineOne2   0x000117    program     static D:\BZU\Real Time\RXTXexample\RxTx.asm
                  MulLoop   0x00012b    program     static D:\BZU\Real Time\RXTXexample\RxTx.asm
                  MulSign   0x0000d9    program     static D:\BZU\Real Time\RXTXexample\RxTx.asm
             MullOnesLoop   0x00013f    program     static D:\BZU\Real Time\RXTXexample\RxTx.asm
                 MullPIC1   0x000136    program     static D:\BZU\Real Time\RXTXexample\RxTx.asm
              MullTenLoop   0x000150    program     static D:\BZU\Real Time\RXTXexample\RxTx.asm
               Num1Concat   0x000127    program     static D:\BZU\Real Time\RXTXexample\RxTx.asm
                  Number1   0x000097    program     static D:\BZU\Real Time\RXTXexample\RxTx.asm
            Number1String   0x000217    program     static D:\BZU\Real Time\RXTXexample\RxTx.asm
               PrintFinal   0x0001aa    program     static D:\BZU\Real Time\RXTXexample\RxTx.asm
                  RECIVED   0x000181    program     static D:\BZU\Real Time\RXTXexample\RxTx.asm
                  RXCHECK   0x00017b    program     static D:\BZU\Real Time\RXTXexample\RxTx.asm
               ReturnFlag   0x00018c    program     static D:\BZU\Real Time\RXTXexample\RxTx.asm
            SecondNumCame   0x000189    program     static D:\BZU\Real Time\RXTXexample\RxTx.asm
              SepNumber1H   0x00015f    program     static D:\BZU\Real Time\RXTXexample\RxTx.asm
        SetCursorNum1Ones   0x0000c0    program     static D:\BZU\Real Time\RXTXexample\RxTx.asm
        SetCursorNum1Tens   0x0000a8    program     static D:\BZU\Real Time\RXTXexample\RxTx.asm
        SetCursorNum2Ones   0x000107    program     static D:\BZU\Real Time\RXTXexample\RxTx.asm
        SetCursorNum2Tens   0x0000ee    program     static D:\BZU\Real Time\RXTXexample\RxTx.asm
                 THOUSAND   0x0001a0    program     static D:\BZU\Real Time\RXTXexample\RxTx.asm
                 TIMERINT   0x0001d2    program     static D:\BZU\Real Time\RXTXexample\RxTx.asm
                 TRANSMIT   0x0001cf    program     static D:\BZU\Real Time\RXTXexample\RxTx.asm
              backFromSep   0x000188    program     static D:\BZU\Real Time\RXTXexample\RxTx.asm
                digitOnes   0x000148    program     static D:\BZU\Real Time\RXTXexample\RxTx.asm
                     inid   0x000067    program     static D:\BZU\Real Time\RXTXexample\LCDIS.INC
                     init   0x000005    program     static D:\BZU\Real Time\RXTXexample\RxTx.asm
                     loop   0x00016d    program     static D:\BZU\Real Time\RXTXexample\RxTx.asm
                    loop1   0x000049    program     static D:\BZU\Real Time\RXTXexample\LCDIS.INC
                    loopX   0x00004e    program     static D:\BZU\Real Time\RXTXexample\LCDIS.INC
                   newMUL   0x00022d    program     static D:\BZU\Real Time\RXTXexample\RxTx.asm
             num1Separate   0x000162    program     static D:\BZU\Real Time\RXTXexample\RxTx.asm
                    onems   0x000046    program     static D:\BZU\Real Time\RXTXexample\LCDIS.INC
                   pulseE   0x000052    program     static D:\BZU\Real Time\RXTXexample\LCDIS.INC
              resetTimer0   0x000170    program     static D:\BZU\Real Time\RXTXexample\RxTx.asm
                     send   0x000057    program     static D:\BZU\Real Time\RXTXexample\LCDIS.INC
                    start   0x000082    program     static D:\BZU\Real Time\RXTXexample\RxTx.asm
     tenDigitWithoutCarry   0x000193    program     static D:\BZU\Real Time\RXTXexample\RxTx.asm
            welcomeString   0x0001e0    program     static D:\BZU\Real Time\RXTXexample\RxTx.asm
                      xms   0x00004d    program     static D:\BZU\Real Time\RXTXexample\LCDIS.INC



                              Symbols - Sorted by Address
                     Name    Address   Location    Storage File                     
                ---------  ---------  ---------  --------- ---------                
                     init   0x000005    program     static D:\BZU\Real Time\RXTXexample\RxTx.asm
                      ISR   0x000036    program     static D:\BZU\Real Time\RXTXexample\RxTx.asm
                     BACK   0x00003d    program     static D:\BZU\Real Time\RXTXexample\RxTx.asm
                    onems   0x000046    program     static D:\BZU\Real Time\RXTXexample\LCDIS.INC
                    loop1   0x000049    program     static D:\BZU\Real Time\RXTXexample\LCDIS.INC
                      xms   0x00004d    program     static D:\BZU\Real Time\RXTXexample\LCDIS.INC
                    loopX   0x00004e    program     static D:\BZU\Real Time\RXTXexample\LCDIS.INC
                   pulseE   0x000052    program     static D:\BZU\Real Time\RXTXexample\LCDIS.INC
                     send   0x000057    program     static D:\BZU\Real Time\RXTXexample\LCDIS.INC
                     inid   0x000067    program     static D:\BZU\Real Time\RXTXexample\LCDIS.INC
                    start   0x000082    program     static D:\BZU\Real Time\RXTXexample\RxTx.asm
            BeginEntering   0x000092    program     static D:\BZU\Real Time\RXTXexample\RxTx.asm
                  Number1   0x000097    program     static D:\BZU\Real Time\RXTXexample\RxTx.asm
        SetCursorNum1Tens   0x0000a8    program     static D:\BZU\Real Time\RXTXexample\RxTx.asm
         ENTERNumber1Tens   0x0000ac    program     static D:\BZU\Real Time\RXTXexample\RxTx.asm
            INCREMENTTENS   0x0000b4    program     static D:\BZU\Real Time\RXTXexample\RxTx.asm
                  MAXNine   0x0000b7    program     static D:\BZU\Real Time\RXTXexample\RxTx.asm
        SetCursorNum1Ones   0x0000c0    program     static D:\BZU\Real Time\RXTXexample\RxTx.asm
         ENTERNumber1Ones   0x0000c5    program     static D:\BZU\Real Time\RXTXexample\RxTx.asm
            INCREMENTONES   0x0000cd    program     static D:\BZU\Real Time\RXTXexample\RxTx.asm
               MAXNineOne   0x0000d0    program     static D:\BZU\Real Time\RXTXexample\RxTx.asm
                  MulSign   0x0000d9    program     static D:\BZU\Real Time\RXTXexample\RxTx.asm
        SetCursorNum2Tens   0x0000ee    program     static D:\BZU\Real Time\RXTXexample\RxTx.asm
         ENTERNumber2Tens   0x0000f3    program     static D:\BZU\Real Time\RXTXexample\RxTx.asm
           INCREMENTTENS2   0x0000fb    program     static D:\BZU\Real Time\RXTXexample\RxTx.asm
                 MAXNine2   0x0000fe    program     static D:\BZU\Real Time\RXTXexample\RxTx.asm
        SetCursorNum2Ones   0x000107    program     static D:\BZU\Real Time\RXTXexample\RxTx.asm
         ENTERNumber2Ones   0x00010c    program     static D:\BZU\Real Time\RXTXexample\RxTx.asm
           INCREMENTONES2   0x000114    program     static D:\BZU\Real Time\RXTXexample\RxTx.asm
              MAXNineOne2   0x000117    program     static D:\BZU\Real Time\RXTXexample\RxTx.asm
                EqualSign   0x000120    program     static D:\BZU\Real Time\RXTXexample\RxTx.asm
               Num1Concat   0x000127    program     static D:\BZU\Real Time\RXTXexample\RxTx.asm
                  MulLoop   0x00012b    program     static D:\BZU\Real Time\RXTXexample\RxTx.asm
                 MullPIC1   0x000136    program     static D:\BZU\Real Time\RXTXexample\RxTx.asm
             MullOnesLoop   0x00013f    program     static D:\BZU\Real Time\RXTXexample\RxTx.asm
                CarryLoop   0x000142    program     static D:\BZU\Real Time\RXTXexample\RxTx.asm
                digitOnes   0x000148    program     static D:\BZU\Real Time\RXTXexample\RxTx.asm
              DigitIsZero   0x00014e    program     static D:\BZU\Real Time\RXTXexample\RxTx.asm
              MullTenLoop   0x000150    program     static D:\BZU\Real Time\RXTXexample\RxTx.asm
              SepNumber1H   0x00015f    program     static D:\BZU\Real Time\RXTXexample\RxTx.asm
             num1Separate   0x000162    program     static D:\BZU\Real Time\RXTXexample\RxTx.asm
                     loop   0x00016d    program     static D:\BZU\Real Time\RXTXexample\RxTx.asm
              resetTimer0   0x000170    program     static D:\BZU\Real Time\RXTXexample\RxTx.asm
                  RXCHECK   0x00017b    program     static D:\BZU\Real Time\RXTXexample\RxTx.asm
                  RECIVED   0x000181    program     static D:\BZU\Real Time\RXTXexample\RxTx.asm
              backFromSep   0x000188    program     static D:\BZU\Real Time\RXTXexample\RxTx.asm
            SecondNumCame   0x000189    program     static D:\BZU\Real Time\RXTXexample\RxTx.asm
               ReturnFlag   0x00018c    program     static D:\BZU\Real Time\RXTXexample\RxTx.asm
                 ADDITION   0x00018e    program     static D:\BZU\Real Time\RXTXexample\RxTx.asm
     tenDigitWithoutCarry   0x000193    program     static D:\BZU\Real Time\RXTXexample\RxTx.asm
                   DDIGIT   0x000199    program     static D:\BZU\Real Time\RXTXexample\RxTx.asm
                 THOUSAND   0x0001a0    program     static D:\BZU\Real Time\RXTXexample\RxTx.asm
               PrintFinal   0x0001aa    program     static D:\BZU\Real Time\RXTXexample\RxTx.asm
                 TRANSMIT   0x0001cf    program     static D:\BZU\Real Time\RXTXexample\RxTx.asm
                 TIMERINT   0x0001d2    program     static D:\BZU\Real Time\RXTXexample\RxTx.asm
            welcomeString   0x0001e0    program     static D:\BZU\Real Time\RXTXexample\RxTx.asm
            Number1String   0x000217    program     static D:\BZU\Real Time\RXTXexample\RxTx.asm
                   newMUL   0x00022d    program     static D:\BZU\Real Time\RXTXexample\RxTx.asm


