MPASM  5.50                         SLAVE.ASM   2-15-2024  10:17:05         PAGE  1


LOC  OBJECT CODE     LINE SOURCE TEXT
  VALUE

                      00001 
                      00002         PROCESSOR 16F877A
                      00003         INCLUDE "P16F877A.INC"  
                      00001         LIST
                      00002 ; P16F877A.INC  Standard Header File, Version 1.00    Microchip Technology, Inc.
                      00398         LIST
                      00004 
2007   3731           00005         __CONFIG 0x3731
                      00006 
                      00007 
  00000021            00008 Char EQU 0x21
  00000022            00009 tensTemp EQU 0x22
  00000027            00010 tenTimes EQU 0x27
  00000028            00011 onesTimes EQU 0x28
  00000029            00012 reciveTurn EQU 0x29
  00000030            00013 onesTemp2 EQU 0x30
  00000031            00014 CarryCount EQU 0x31
  00000032            00015 ResultH EQU 0x32
  00000033            00016 ResultL EQU 0x33
  00000034            00017 onesTempT EQU 0x34
  00000035            00018 Number1 EQU 0x35
  00000036            00019 CarryCount2 EQU 0x36
                      00020 
                      00021 
                      00022 ; The instructions should start from here
0000                  00023         ORG 0x00
0000   2805           00024         GOTO init
                      00025 
                      00026 
0004                  00027         ORG 0x04
0004   282B           00028         GOTO ISR
                      00029 
                      00030 
                      00031 ; The init for our program
0005                  00032 init:
0005   01B5           00033         CLRF Number1
0006   01B1           00034         CLRF CarryCount
0007   01B6           00035         CLRF CarryCount2
0008   01B4           00036         CLRF onesTempT
0009   01B2           00037         CLRF ResultH
000A   01B3           00038         CLRF ResultL 
000B   01A9           00039         CLRF reciveTurn
000C   01B0           00040         CLRF onesTemp2
000D   01A2           00041         CLRF tensTemp
000E   01A7           00042         CLRF tenTimes
000F   1683 1303      00043         BANKSEL TRISD
Message[302]: Register in operand not in bank 0.  Ensure that bank bits are correct.
0011   0188           00044         CLRF TRISD
                      00045         
0012   1283 1303      00046         BANKSEL PORTD
0014   2054           00047         CALL inid
0015   203A           00048         CALL xms
0016   203A           00049         CALL xms
MPASM  5.50                         SLAVE.ASM   2-15-2024  10:17:05         PAGE  2


LOC  OBJECT CODE     LINE SOURCE TEXT
  VALUE

                      00050 
0017   1303           00051         BCF STATUS,6
0018   1683           00052         BSF STATUS,5
                      00053 
Message[302]: Register in operand not in bank 0.  Ensure that bank bits are correct.
0019   1307           00054         BCF TRISC,6
Message[302]: Register in operand not in bank 0.  Ensure that bank bits are correct.
001A   1787           00055         BSF TRISC,7
                      00056 
                      00057 
001B   3020           00058         MOVLW b'00100000'
Message[302]: Register in operand not in bank 0.  Ensure that bank bits are correct.
001C   0098           00059         MOVWF TXSTA
                      00060         
001D   1303           00061         BCF STATUS,6
001E   1283           00062         BCF STATUS,5
                      00063         
001F   3090           00064         MOVLW b'10010000'
0020   0098           00065         MOVWF RCSTA
                      00066         
0021   1303           00067         BCF STATUS,6
0022   1683           00068         BSF STATUS,5
0023   301F           00069         MOVLW d'31'
Message[302]: Register in operand not in bank 0.  Ensure that bank bits are correct.
0024   0099           00070         MOVWF SPBRG
                      00071         
0025   178B           00072         BSF INTCON,7
0026   170B           00073         BSF INTCON,6 
                      00074 
                      00075 
0027   1303           00076         BCF STATUS,6
0028   1283           00077         BCF STATUS,5
                      00078 
0029   128C           00079         BCF PIR1,5
                      00080         
002A   286F           00081         GOTO start
                      00082 
                      00083 ; When intruput happend the program will enter here
002B                  00084 ISR:
002B   1283 1303      00085         BANKSEL INTCON
002D   120B           00086         BCF INTCON, INTE
002E   108B           00087         BCF INTCON, INTF
                      00088 
002F                  00089 BACK:
002F   1283 1303      00090         BANKSEL INTCON
0031   160B           00091         BSF INTCON, INTE
0032   178B           00092         BSF INTCON, GIE
                      00093 
0033   0009           00094         retfie
                      00095 
                      00096         INCLUDE "LCDIS.INC" 
                      00001 ;       LCDIS.INC               MPB     19-12-05
                      00002 ;
MPASM  5.50                         SLAVE.ASM   2-15-2024  10:17:05         PAGE  3


LOC  OBJECT CODE     LINE SOURCE TEXT
  VALUE

                      00003 ;       Include file to operate 16x2 LCD display
                      00004 ;       Uses GPR 70 - 75
                      00005 ;       
                      00006 ;       Final version
                      00007 ;-------------------------------------------------------------------------------------------
                      00008 
  00000070            00009 Timer1  EQU     70              ; 1ms count register
  00000071            00010 TimerX  EQU     71              ; Xms count register
  00000072            00011 Var     EQU     72              ; Output variable
  00000073            00012 Point   EQU     73              ; Program table pointer
  00000074            00013 Select  EQU     74              ; Used to set or clear RS bit
  00000075            00014 OutCod  EQU     75              ; Temp store for output code
                      00015 
  00000001            00016 RS      EQU     1               ; Register select output bit
  00000002            00017 E       EQU     2               ; Enable output clocks display input
                      00018 
                      00019 
                      00020 ;--------------------------------------------------------------------------------------------   
                      00021 ;       1ms delay with 1us cycle time (1000 cycles) assuming 4MHZ oscillator
                      00022 ;--------------------------------------------------------------------------------------------   
0034                  00023 onems   ;nop
0034   30F9           00024                 MOVLW   D'249'          ; Count for 1ms delay ==> 1 + 1 + 1 + 248 * (1 + 1 + 2) + 1 + 2 
                            + 2 = 
0035   00F0           00025                 MOVWF   Timer1          ; Load count
0036   0000           00026 loop1   NOP                     ; Pad for 4 cycle loop
Message[305]: Using default destination of 1 (file).
0037   0BF0           00027                 DECFSZ  Timer1          ; Count
0038   2836           00028                 GOTO    loop1           ; until Z
0039   0008           00029                 RETURN                  ; and finish
                      00030 
                      00031 ;---------------------------------------------------------------------------------------------  
                      00032 ;       Delay Xms
                      00033 ;       Receives count in W, uses Onems
                      00034 ;---------------------------------------------------------------------------------------------  
003A   00F1           00035 xms             MOVWF   TimerX          ; Count for X ms
003B   2034           00036 loopX   CALL    onems           ; Delay 1ms
Message[305]: Using default destination of 1 (file).
003C   0BF1           00037                 DECFSZ  TimerX          ; Repeat X times 
003D   283B           00038                 GOTO    loopX           ; until Z
003E   0008           00039                 RETURN                  ; and finish
                      00040 
                      00041 ;---------------------------------------------------------------------------------------------  
                      00042 ;       Generate data/command clock siganl E
                      00043 ;---------------------------------------------------------------------------------------------  
003F   1508           00044 pulseE  BSF     PORTD,E         ; Set E high
0040   2034           00045         CALL    onems           ; Delay 1ms
0041   1108           00046         BCF     PORTD,E         ; Reset E low
0042   2034           00047         CALL    onems           ; Delay 1ms
0043   0008           00048         RETURN                  ; done
                      00049 
                      00050 ;---------------------------------------------------------------------------------------------  
                      00051 ;       Send a command byte in two nibbles from RB4 - RB7
                      00052 ;       Receives command in W, uses PulseE and Onems
MPASM  5.50                         SLAVE.ASM   2-15-2024  10:17:05         PAGE  4


LOC  OBJECT CODE     LINE SOURCE TEXT
  VALUE

                      00053 ;---------------------------------------------------------------------------------------------  
0044   00F5           00054 send    MOVWF   OutCod          ; Store output code
0045   39F0           00055         ANDLW   0F0             ; Clear low nybble
0046   0088           00056         MOVWF   PORTD           ; Output high nybble
0047   18F4           00057         BTFSC   Select,RS       ; Test RS bit
0048   1488           00058         BSF     PORTD,RS        ; and set for data
0049   203F           00059         CALL    pulseE          ; and clock display register
004A   2034           00060         CALL    onems           ; wait 1ms for display to complete
                      00061 
Message[305]: Using default destination of 1 (file).
004B   0EF5           00062         SWAPF   OutCod          ; Swap low and high nybbles 
004C   0875           00063         MOVF    OutCod,W        ; Retrieve output code
004D   39F0           00064         ANDLW   0F0             ; Clear low nybble
004E   0088           00065         MOVWF   PORTD           ; Output low nybble
004F   18F4           00066         BTFSC   Select,RS       ; Test RS bit
0050   1488           00067         BSF     PORTD,RS        ; and set for data
0051   203F           00068         CALL    pulseE          ; and clock display register
0052   2034           00069         CALL    onems           ; wait 1ms for display to complete
0053   0008           00070         RETURN                  ; done
                      00071 
                      00072 ;---------------------------------------------------------------------------------------------  
                      00073 ;       Initialise the display
                      00074 ;       Uses Send
                      00075 ;---------------------------------------------------------------------------------------------  
0054   3064           00076 inid    MOVLW   D'100'          ; Load count for 100ms delay
0055   203A           00077         CALL    xms             ; and wait for display start
0056   30F0           00078         MOVLW   0F0             ; Mask for select code
0057   00F4           00079         MOVWF   Select          ; High nybble not masked
                      00080 
0058   3030           00081         MOVLW   0x30            ; Load initial nibble
0059   0088           00082         MOVWF   PORTD           ; and output it to display
005A   203F           00083         CALL    pulseE          ; Latch initial code
005B   3005           00084         MOVLW   D'5'            ; Set delay 5ms
005C   203A           00085         CALL    xms             ; and wait
005D   203F           00086         CALL    pulseE          ; Latch initial code again
005E   2034           00087         CALL    onems           ; Wait 1ms
005F   203F           00088         CALL    pulseE          ; Latch initial code again
0060   1208           00089         BCF     PORTD,4         ; Set 4-bit mode
0061   203F           00090         CALL    pulseE          ; Latch it
                      00091         
0062   3028           00092         MOVLW   0x28            ; Set 4-bit mode, 2 lines
0063   2044           00093         CALL    send            ; and send code
0064   3008           00094         MOVLW   0x08            ; Switch off display
0065   2044           00095         CALL    send            ; and send code
0066   3001           00096         MOVLW   0x01            ; Code to clear display
0067   2044           00097         CALL    send            ; and send code
0068   3006           00098         MOVLW   0x06            ; Enable cursor auto inc  
0069   2044           00099         CALL    send            ; and send code
006A   3080           00100         MOVLW   0x80            ; Zero display address
006B   2044           00101         CALL    send            ; and send code
006C   300C           00102         MOVLW   0x0C            ; Turn on display  
006D   2044           00103         CALL    send            ; and send code
                      00104 
MPASM  5.50                         SLAVE.ASM   2-15-2024  10:17:05         PAGE  5


LOC  OBJECT CODE     LINE SOURCE TEXT
  VALUE

006E   0008           00105         RETURN                  ; Done
                      00097 ; The main code for our program
006F                  00098 start:
                      00099 
006F   2075           00100         CALL RXCHECK
                      00101 
0070                  00102 loop: 
0070   203A           00103         CALL xms
0071   203A           00104         CALL xms
0072   203A           00105         CALL xms
0073   203A           00106         CALL xms
0074   2870           00107         GOTO loop
                      00108 
                      00109 
                      00110 
0075                  00111 RXCHECK:
0075   1A8C           00112         BTFSC PIR1,5
0076   207E           00113         CALL RECIVED
0077   18A9           00114         BTFSC reciveTurn,1
0078   28A0           00115         GOTO Mul
0079   2875           00116         GOTO RXCHECK
007A   0008           00117         RETURN
007B                  00118 TRANSMIT:
007B   1E0C           00119         BTFSS PIR1,4
007C   287B           00120         GOTO TRANSMIT
007D   0008           00121         RETURN
                      00122 
007E                  00123 RECIVED:
007E   081A           00124         MOVF RCREG,0
007F   1829           00125         BTFSC reciveTurn,0
0080   2898           00126         GOTO secondNumCame
0081   1429           00127         BSF reciveTurn,0
0082   00A2           00128         MOVWF tensTemp ; this just to separate to review in the LCD
0083   1103           00129         BCF STATUS,Z
0084                  00130 num1Separate:
0084   300A           00131         MOVLW D'10'
Message[305]: Using default destination of 1 (file).
0085   02A2           00132         SUBWF tensTemp ; adpin
Message[305]: Using default destination of 1 (file).
0086   0AA7           00133         INCF tenTimes  ; tens
0087   1803           00134         BTFSC STATUS,C ; status
0088   2884           00135         GOTO num1Separate  ; goto 
Message[305]: Using default destination of 1 (file).
0089   07A2           00136         ADDWF tensTemp ; adpin
Message[305]: Using default destination of 1 (file).
008A   03A7           00137         DECF tenTimes ; tens
008B   0822           00138         MOVFW tensTemp ;,W ; adpin
008C   00A8           00139         MOVWF onesTimes ; ones
008D   14F4           00140         BSF Select,RS ;;9
008E   0827           00141         MOVFW tenTimes
008F   3E30           00142         ADDLW D'48'
0090   2044           00143         CALL send
0091   14F4           00144         BSF Select,RS
MPASM  5.50                         SLAVE.ASM   2-15-2024  10:17:05         PAGE  6


LOC  OBJECT CODE     LINE SOURCE TEXT
  VALUE

0092   0828           00145         MOVFW onesTimes
0093   3E30           00146         ADDLW D'48'
0094   2044           00147         CALL send
0095   3078           00148         MOVLW 'x'
0096   2044           00149         CALL send
0097   289E           00150         GOTO ReturnFlag
                      00151         
                      00152 
                      00153         ;----- second number came : 
0098                  00154 secondNumCame:
0098   00B0           00155         MOVWF onesTemp2
0099   14F4           00156         BSF Select,RS 
009A   0830           00157         MOVFW onesTemp2
009B   3E30           00158         ADDLW D'48'
009C   2044           00159         CALL send       
009D   14A9           00160         BSF reciveTurn,1
                      00161 
009E                  00162 ReturnFlag:
                      00163         
009E   128C           00164         BCF PIR1,5
                      00165         
009F   0008           00166         RETURN
                      00167 
                      00168 ;------------ Multiplication -----------------;
                      00169 
00A0                  00170 Mul: 
00A0   0830           00171         MOVFW onesTemp2
00A1   00B4           00172         MOVWF onesTempT
00A2   1103           00173         BCF STATUS,Z
                      00174 
                      00175 ; first we will multiply the num1 ones by the num2 ones
                      00176 ; and store the carry, then we will make the high 4 bits zeros 
                      00177 ; to make it one digit ( in the least sig. reg) 
00A3   3000           00178         MOVLW D'0'
00A4   0628           00179         XORWF onesTimes,W
00A5   1903           00180         BTFSC STATUS, Z ; Check if Z flag is set (result is zero)
00A6   28B9           00181     GOTO  digitIsZero   ; If not zero, jump to notEqual
                      00182         
00A7   0828           00183         MOVFW onesTimes
00A8   01A8           00184         CLRF onesTimes
                      00185 
00A9                  00186 MulLoop:
00A9   07A8           00187         ADDWF onesTimes,F
Message[305]: Using default destination of 1 (file).
00AA   0BB4           00188         DECFSZ onesTempT;20
00AB   28A9           00189         GOTO MulLoop
00AC   0828           00190         MOVFW onesTimes
                      00191 
00AD                  00192 CARRYLOOP
00AD   300A           00193         MOVLW D'10'
00AE   02A8           00194         SUBWF onesTimes,F;10
00AF   1C03           00195         BTFSS STATUS,C
00B0   28B3           00196         GOTO DIGIT
MPASM  5.50                         SLAVE.ASM   2-15-2024  10:17:05         PAGE  7


LOC  OBJECT CODE     LINE SOURCE TEXT
  VALUE

Message[305]: Using default destination of 1 (file).
00B1   0AB1           00197         INCF CarryCount
00B2   28AD           00198         GOTO CARRYLOOP
00B3                  00199 DIGIT
                      00200 ;TO REMOVE -ONETIMES
00B3   0828           00201         MOVFW onesTimes
00B4   3E0A           00202         ADDLW D'10'
00B5   00A8           00203         MOVWF onesTimes
00B6   0828           00204         MOVFW onesTimes
00B7   00B3           00205         MOVWF ResultL
00B8   28BB           00206         goto tenLoop
                      00207         
                      00208 
                      00209 ;--- if the ones digit of the first number is zero the mul result
                      00210 ;--- for the LOW SIG. REG will be zero without doing the mul.
00B9                  00211 digitIsZero:
00B9   01A8           00212         CLRF onesTimes
00BA   01B1           00213         CLRF CarryCount
                      00214 
                      00215 
                      00216 
                      00217 ;-- we must make it go to the tens* 2nd number one.
00BB                  00218 tenLoop
00BB   01B2           00219         CLRF ResultH
00BC   0827           00220         MOVFW tenTimes
                      00221 
                      00222         
00BD                  00223 MulLoopTen:
00BD   0827           00224         MOVFW tenTimes
00BE   07B2           00225         ADDWF ResultH,F
00BF   0832           00226         MOVFW ResultH
00C0   0BB0           00227         DECFSZ onesTemp2,F
00C1   28BD           00228         GOTO MulLoopTen
00C2   0831           00229         MOVFW CarryCount
00C3   07B2           00230         ADDWF ResultH,F
00C4   28D2           00231         GOTO SEP
                      00232 
                      00233 
00C5                  00234 PRINT
00C5   14F4           00235         BSF Select,RS
00C6   0833           00236         MOVFW ResultL ;ONES
00C7   0099           00237         MOVWF TXREG
00C8   207B           00238         CALL TRANSMIT
00C9   0833           00239         MOVFW ResultL
00CA   3E30           00240         ADDLW D'48'
00CB   2044           00241         CALL send
00CC   203A           00242         CALL xms
00CD   203A           00243         CALL xms
00CE   203A           00244         CALL xms
00CF   203A           00245         CALL xms
00D0   2805           00246         GOTO init
                      00247 
                      00248 
MPASM  5.50                         SLAVE.ASM   2-15-2024  10:17:05         PAGE  8


LOC  OBJECT CODE     LINE SOURCE TEXT
  VALUE

                      00249 
00D1   0008           00250         return
                      00251 
                      00252 
                      00253 ;------------------------------------------------       
00D2                  00254 SEP
00D2   01A7           00255         CLRF tenTimes
00D3   01A8           00256         CLRF onesTimes
00D4   01A2           00257         CLRF tensTemp
                      00258         
                      00259         
00D5   1003           00260         BCF STATUS,C
00D6   0832           00261         MOVFW ResultH
00D7   0099           00262         MOVWF TXREG
00D8   207B           00263         CALL TRANSMIT
00D9   0832           00264         MOVFW ResultH
00DA   14F4           00265         BSF Select , RS
00DB   3E30           00266         ADDLW D'48'
00DC   2044           00267         CALL send
00DD   0832           00268         MOVFW ResultH
00DE   00A2           00269         MOVWF tensTemp
00DF   1403           00270         BSF STATUS,C
00E0                  00271 num1Separate2:
00E0   300A           00272         MOVLW D'10'
Message[305]: Using default destination of 1 (file).
00E1   02A2           00273         SUBWF tensTemp
Message[305]: Using default destination of 1 (file).
00E2   0AA7           00274         INCF tenTimes  
00E3   1803           00275         BTFSC STATUS,C 
00E4   28E0           00276         GOTO num1Separate2 
Message[305]: Using default destination of 1 (file).
00E5   07A2           00277         ADDWF tensTemp 
Message[305]: Using default destination of 1 (file).
00E6   03A7           00278         DECF tenTimes 
00E7   0822           00279         MOVFW tensTemp 
00E8   00A8           00280         MOVWF onesTimes
00E9   14F4           00281         BSF Select,RS 
00EA   303D           00282         MOVLW '='
00EB   2044           00283         CALL send
00EC   0827           00284         MOVFW tenTimes ;HUNS
00ED   3E30           00285         ADDLW D'48'
00EE   2044           00286         CALL send
00EF   14F4           00287         BSF Select,RS
00F0   0828           00288         MOVFW onesTimes;TENS
00F1   3E30           00289         ADDLW D'48'
00F2   2044           00290         CALL send
00F3   20C5           00291         CALL PRINT
00F4   28F5           00292         GOTO loop33
                      00293 
00F5                  00294 loop33:
                      00295 
00F5   28F5           00296         GOTO loop33
                      00297 
MPASM  5.50                         SLAVE.ASM   2-15-2024  10:17:05         PAGE  9


LOC  OBJECT CODE     LINE SOURCE TEXT
  VALUE

                      00298         END
MPASM  5.50                         SLAVE.ASM   2-15-2024  10:17:05         PAGE 10


SYMBOL TABLE
  LABEL                             VALUE 

ACKDT                             00000005
ACKEN                             00000004
ACKSTAT                           00000006
ADCON0                            0000001F
ADCON1                            0000009F
ADCS0                             00000006
ADCS1                             00000007
ADDEN                             00000003
ADFM                              00000007
ADIE                              00000006
ADIF                              00000006
ADON                              00000000
ADRESH                            0000001E
ADRESL                            0000009E
BACK                              0000002F
BCLIE                             00000003
BCLIF                             00000003
BF                                00000000
BRGH                              00000002
C                                 00000000
C1INV                             00000004
C1OUT                             00000006
C2INV                             00000005
C2OUT                             00000007
CARRYLOOP                         000000AD
CCP1CON                           00000017
CCP1IE                            00000002
CCP1IF                            00000002
CCP1M0                            00000000
CCP1M1                            00000001
CCP1M2                            00000002
CCP1M3                            00000003
CCP1X                             00000005
CCP1Y                             00000004
CCP2CON                           0000001D
CCP2IE                            00000000
CCP2IF                            00000000
CCP2M0                            00000000
CCP2M1                            00000001
CCP2M2                            00000002
CCP2M3                            00000003
CCP2X                             00000005
CCP2Y                             00000004
CCPR1H                            00000016
CCPR1L                            00000015
CCPR2H                            0000001C
CCPR2L                            0000001B
CHS0                              00000003
CHS1                              00000004
CHS2                              00000005
CIS                               00000003
CKE                               00000006
CKP                               00000004
MPASM  5.50                         SLAVE.ASM   2-15-2024  10:17:05         PAGE 11


SYMBOL TABLE
  LABEL                             VALUE 

CM0                               00000000
CM1                               00000001
CM2                               00000002
CMCON                             0000009C
CMIE                              00000006
CMIF                              00000006
CREN                              00000004
CSRC                              00000007
CVR0                              00000000
CVR1                              00000001
CVR2                              00000002
CVR3                              00000003
CVRCON                            0000009D
CVREN                             00000007
CVROE                             00000006
CVRR                              00000005
CarryCount                        00000031
CarryCount2                       00000036
Char                              00000021
D                                 00000005
DATA_ADDRESS                      00000005
DC                                00000001
DIGIT                             000000B3
D_A                               00000005
E                                 00000002
EEADR                             0000010D
EEADRH                            0000010F
EECON1                            0000018C
EECON2                            0000018D
EEDATA                            0000010C
EEDATH                            0000010E
EEIE                              00000004
EEIF                              00000004
EEPGD                             00000007
F                                 00000001
FERR                              00000002
FSR                               00000004
GCEN                              00000007
GIE                               00000007
GO                                00000002
GO_DONE                           00000002
I2C_DATA                          00000005
I2C_READ                          00000002
I2C_START                         00000003
I2C_STOP                          00000004
IBF                               00000007
IBOV                              00000005
INDF                              00000000
INTCON                            0000000B
INTE                              00000004
INTEDG                            00000006
INTF                              00000001
IRP                               00000007
MPASM  5.50                         SLAVE.ASM   2-15-2024  10:17:05         PAGE 12


SYMBOL TABLE
  LABEL                             VALUE 

ISR                               0000002B
Mul                               000000A0
MulLoop                           000000A9
MulLoopTen                        000000BD
NOT_A                             00000005
NOT_ADDRESS                       00000005
NOT_BO                            00000000
NOT_BOR                           00000000
NOT_DONE                          00000002
NOT_PD                            00000003
NOT_POR                           00000001
NOT_RBPU                          00000007
NOT_RC8                           00000006
NOT_T1SYNC                        00000002
NOT_TO                            00000004
NOT_TX8                           00000006
NOT_W                             00000002
NOT_WRITE                         00000002
Number1                           00000035
OBF                               00000006
OERR                              00000001
OPTION_REG                        00000081
OutCod                            00000075
P                                 00000004
PCFG0                             00000000
PCFG1                             00000001
PCFG2                             00000002
PCFG3                             00000003
PCL                               00000002
PCLATH                            0000000A
PCON                              0000008E
PEIE                              00000006
PEN                               00000002
PIE1                              0000008C
PIE2                              0000008D
PIR1                              0000000C
PIR2                              0000000D
PORTA                             00000005
PORTB                             00000006
PORTC                             00000007
PORTD                             00000008
PORTE                             00000009
PR2                               00000092
PRINT                             000000C5
PS0                               00000000
PS1                               00000001
PS2                               00000002
PSA                               00000003
PSPIE                             00000007
PSPIF                             00000007
PSPMODE                           00000004
Point                             00000073
R                                 00000002
MPASM  5.50                         SLAVE.ASM   2-15-2024  10:17:05         PAGE 13


SYMBOL TABLE
  LABEL                             VALUE 

RBIE                              00000003
RBIF                              00000000
RC8_9                             00000006
RC9                               00000006
RCD8                              00000000
RCEN                              00000003
RCIE                              00000005
RCIF                              00000005
RCREG                             0000001A
RCSTA                             00000018
RD                                00000000
READ_WRITE                        00000002
RECIVED                           0000007E
RP0                               00000005
RP1                               00000006
RS                                00000001
RSEN                              00000001
RX9                               00000006
RX9D                              00000000
RXCHECK                           00000075
R_W                               00000002
ResultH                           00000032
ResultL                           00000033
ReturnFlag                        0000009E
S                                 00000003
SEN                               00000000
SEP                               000000D2
SMP                               00000007
SPBRG                             00000099
SPEN                              00000007
SREN                              00000005
SSPADD                            00000093
SSPBUF                            00000013
SSPCON                            00000014
SSPCON2                           00000091
SSPEN                             00000005
SSPIE                             00000003
SSPIF                             00000003
SSPM0                             00000000
SSPM1                             00000001
SSPM2                             00000002
SSPM3                             00000003
SSPOV                             00000006
SSPSTAT                           00000094
STATUS                            00000003
SYNC                              00000004
Select                            00000074
T0CS                              00000005
T0IE                              00000005
T0IF                              00000002
T0SE                              00000004
T1CKPS0                           00000004
T1CKPS1                           00000005
MPASM  5.50                         SLAVE.ASM   2-15-2024  10:17:05         PAGE 14


SYMBOL TABLE
  LABEL                             VALUE 

T1CON                             00000010
T1INSYNC                          00000002
T1OSCEN                           00000003
T1SYNC                            00000002
T2CKPS0                           00000000
T2CKPS1                           00000001
T2CON                             00000012
TMR0                              00000001
TMR0IE                            00000005
TMR0IF                            00000002
TMR1CS                            00000001
TMR1H                             0000000F
TMR1IE                            00000000
TMR1IF                            00000000
TMR1L                             0000000E
TMR1ON                            00000000
TMR2                              00000011
TMR2IE                            00000001
TMR2IF                            00000001
TMR2ON                            00000002
TOUTPS0                           00000003
TOUTPS1                           00000004
TOUTPS2                           00000005
TOUTPS3                           00000006
TRANSMIT                          0000007B
TRISA                             00000085
TRISB                             00000086
TRISC                             00000087
TRISD                             00000088
TRISE                             00000089
TRISE0                            00000000
TRISE1                            00000001
TRISE2                            00000002
TRMT                              00000001
TX8_9                             00000006
TX9                               00000006
TX9D                              00000000
TXD8                              00000000
TXEN                              00000005
TXIE                              00000004
TXIF                              00000004
TXREG                             00000019
TXSTA                             00000098
Timer1                            00000070
TimerX                            00000071
UA                                00000001
Var                               00000072
W                                 00000000
WCOL                              00000007
WR                                00000001
WREN                              00000002
WRERR                             00000003
Z                                 00000002
MPASM  5.50                         SLAVE.ASM   2-15-2024  10:17:05         PAGE 15


SYMBOL TABLE
  LABEL                             VALUE 

_BODEN_OFF                        00003FBF
_BODEN_ON                         00003FFF
_CPD_OFF                          00003FFF
_CPD_ON                           00003EFF
_CP_ALL                           00001FFF
_CP_OFF                           00003FFF
_DEBUG_OFF                        00003FFF
_DEBUG_ON                         000037FF
_HS_OSC                           00003FFE
_LP_OSC                           00003FFC
_LVP_OFF                          00003F7F
_LVP_ON                           00003FFF
_PWRTE_OFF                        00003FFF
_PWRTE_ON                         00003FF7
_RC_OSC                           00003FFF
_WDT_OFF                          00003FFB
_WDT_ON                           00003FFF
_WRT_1FOURTH                      00003BFF
_WRT_256                          00003DFF
_WRT_HALF                         000039FF
_WRT_OFF                          00003FFF
_XT_OSC                           00003FFD
__16F877A                         00000001
__DEBUG                           1
digitIsZero                       000000B9
inid                              00000054
init                              00000005
loop                              00000070
loop1                             00000036
loop33                            000000F5
loopX                             0000003B
num1Separate                      00000084
num1Separate2                     000000E0
onems                             00000034
onesTemp2                         00000030
onesTempT                         00000034
onesTimes                         00000028
pulseE                            0000003F
reciveTurn                        00000029
secondNumCame                     00000098
send                              00000044
start                             0000006F
tenLoop                           000000BB
tenTimes                          00000027
tensTemp                          00000022
xms                               0000003A
MPASM  5.50                         SLAVE.ASM   2-15-2024  10:17:05         PAGE 16


MEMORY USAGE MAP ('X' = Used,  '-' = Unused)


0000 : X---XXXXXXXXXXXX XXXXXXXXXXXXXXXX XXXXXXXXXXXXXXXX XXXXXXXXXXXXXXXX
0040 : XXXXXXXXXXXXXXXX XXXXXXXXXXXXXXXX XXXXXXXXXXXXXXXX XXXXXXXXXXXXXXXX
0080 : XXXXXXXXXXXXXXXX XXXXXXXXXXXXXXXX XXXXXXXXXXXXXXXX XXXXXXXXXXXXXXXX
00C0 : XXXXXXXXXXXXXXXX XXXXXXXXXXXXXXXX XXXXXXXXXXXXXXXX XXXXXX----------
2000 : -------X-------- ---------------- ---------------- ----------------

All other memory blocks unused.

Program Memory Words Used:   243
Program Memory Words Free:  7949


Errors   :     0
Warnings :     0 reported,     0 suppressed
Messages :    18 reported,     0 suppressed

