MPLINK 4.48, Linker
Linker Map File - Created Wed Feb 14 22:38:15 2024

                                 Section Info
                  Section       Type    Address   Location Size(Bytes)
                ---------  ---------  ---------  ---------  ---------
                   .org_0       code   0x000000    program   0x000000
                   .org_1       code   0x000000    program   0x000002
                   .org_2       code   0x000004    program   0x0004a2
      .config_2007_RXTX.O       code   0x002007    program   0x000002



                              Program Memory Usage 
                               Start         End      
                           ---------   ---------      
                            0x000000    0x000000      
                            0x000004    0x000254      
                            0x002007    0x002007      
            595 out of 8454 program addresses used, program memory utilization is 7%



                              Symbols - Sorted by Name
                     Name    Address   Location    Storage File                     
                ---------  ---------  ---------  --------- ---------                
                 ADDITION   0x00018d    program     static C:\Users\LENOVO\Documents\PIC\PROJECT\RxTx.asm
                     BACK   0x00003d    program     static C:\Users\LENOVO\Documents\PIC\PROJECT\RxTx.asm
            BeginEntering   0x000091    program     static C:\Users\LENOVO\Documents\PIC\PROJECT\RxTx.asm
                CarryLoop   0x000141    program     static C:\Users\LENOVO\Documents\PIC\PROJECT\RxTx.asm
                   DDIGIT   0x000198    program     static C:\Users\LENOVO\Documents\PIC\PROJECT\RxTx.asm
              DigitIsZero   0x00014d    program     static C:\Users\LENOVO\Documents\PIC\PROJECT\RxTx.asm
         ENTERNumber1Ones   0x0000c4    program     static C:\Users\LENOVO\Documents\PIC\PROJECT\RxTx.asm
         ENTERNumber1Tens   0x0000ab    program     static C:\Users\LENOVO\Documents\PIC\PROJECT\RxTx.asm
         ENTERNumber2Ones   0x00010b    program     static C:\Users\LENOVO\Documents\PIC\PROJECT\RxTx.asm
         ENTERNumber2Tens   0x0000f2    program     static C:\Users\LENOVO\Documents\PIC\PROJECT\RxTx.asm
                EqualSign   0x00011f    program     static C:\Users\LENOVO\Documents\PIC\PROJECT\RxTx.asm
            INCREMENTONES   0x0000cc    program     static C:\Users\LENOVO\Documents\PIC\PROJECT\RxTx.asm
           INCREMENTONES2   0x000113    program     static C:\Users\LENOVO\Documents\PIC\PROJECT\RxTx.asm
            INCREMENTTENS   0x0000b3    program     static C:\Users\LENOVO\Documents\PIC\PROJECT\RxTx.asm
           INCREMENTTENS2   0x0000fa    program     static C:\Users\LENOVO\Documents\PIC\PROJECT\RxTx.asm
                      ISR   0x000036    program     static C:\Users\LENOVO\Documents\PIC\PROJECT\RxTx.asm
                  MAXNine   0x0000b6    program     static C:\Users\LENOVO\Documents\PIC\PROJECT\RxTx.asm
                 MAXNine2   0x0000fd    program     static C:\Users\LENOVO\Documents\PIC\PROJECT\RxTx.asm
               MAXNineOne   0x0000cf    program     static C:\Users\LENOVO\Documents\PIC\PROJECT\RxTx.asm
              MAXNineOne2   0x000116    program     static C:\Users\LENOVO\Documents\PIC\PROJECT\RxTx.asm
                  MulLoop   0x00012a    program     static C:\Users\LENOVO\Documents\PIC\PROJECT\RxTx.asm
                  MulSign   0x0000d8    program     static C:\Users\LENOVO\Documents\PIC\PROJECT\RxTx.asm
             MullOnesLoop   0x00013e    program     static C:\Users\LENOVO\Documents\PIC\PROJECT\RxTx.asm
                 MullPIC1   0x000135    program     static C:\Users\LENOVO\Documents\PIC\PROJECT\RxTx.asm
              MullTenLoop   0x00014f    program     static C:\Users\LENOVO\Documents\PIC\PROJECT\RxTx.asm
               Num1Concat   0x000126    program     static C:\Users\LENOVO\Documents\PIC\PROJECT\RxTx.asm
                  Number1   0x000096    program     static C:\Users\LENOVO\Documents\PIC\PROJECT\RxTx.asm
            Number1String   0x000216    program     static C:\Users\LENOVO\Documents\PIC\PROJECT\RxTx.asm
               PrintFinal   0x0001a9    program     static C:\Users\LENOVO\Documents\PIC\PROJECT\RxTx.asm
                  RECIVED   0x000180    program     static C:\Users\LENOVO\Documents\PIC\PROJECT\RxTx.asm
                  RXCHECK   0x00017a    program     static C:\Users\LENOVO\Documents\PIC\PROJECT\RxTx.asm
               ReturnFlag   0x00018b    program     static C:\Users\LENOVO\Documents\PIC\PROJECT\RxTx.asm
            SecondNumCame   0x000188    program     static C:\Users\LENOVO\Documents\PIC\PROJECT\RxTx.asm
              SepNumber1H   0x00015e    program     static C:\Users\LENOVO\Documents\PIC\PROJECT\RxTx.asm
        SetCursorNum1Ones   0x0000bf    program     static C:\Users\LENOVO\Documents\PIC\PROJECT\RxTx.asm
        SetCursorNum1Tens   0x0000a7    program     static C:\Users\LENOVO\Documents\PIC\PROJECT\RxTx.asm
        SetCursorNum2Ones   0x000106    program     static C:\Users\LENOVO\Documents\PIC\PROJECT\RxTx.asm
        SetCursorNum2Tens   0x0000ed    program     static C:\Users\LENOVO\Documents\PIC\PROJECT\RxTx.asm
                 THOUSAND   0x00019f    program     static C:\Users\LENOVO\Documents\PIC\PROJECT\RxTx.asm
                 TIMERINT   0x0001d1    program     static C:\Users\LENOVO\Documents\PIC\PROJECT\RxTx.asm
                 TRANSMIT   0x0001ce    program     static C:\Users\LENOVO\Documents\PIC\PROJECT\RxTx.asm
              backFromSep   0x000187    program     static C:\Users\LENOVO\Documents\PIC\PROJECT\RxTx.asm
                digitOnes   0x000147    program     static C:\Users\LENOVO\Documents\PIC\PROJECT\RxTx.asm
                     inid   0x000066    program     static C:\Users\LENOVO\Documents\PIC\PROJECT\LCDIS.INC
                     init   0x000005    program     static C:\Users\LENOVO\Documents\PIC\PROJECT\RxTx.asm
                     loop   0x00016c    program     static C:\Users\LENOVO\Documents\PIC\PROJECT\RxTx.asm
                    loop1   0x000048    program     static C:\Users\LENOVO\Documents\PIC\PROJECT\LCDIS.INC
                    loopX   0x00004d    program     static C:\Users\LENOVO\Documents\PIC\PROJECT\LCDIS.INC
                   newMUL   0x00022c    program     static C:\Users\LENOVO\Documents\PIC\PROJECT\RxTx.asm
             num1Separate   0x000161    program     static C:\Users\LENOVO\Documents\PIC\PROJECT\RxTx.asm
                    onems   0x000046    program     static C:\Users\LENOVO\Documents\PIC\PROJECT\LCDIS.INC
                   pulseE   0x000051    program     static C:\Users\LENOVO\Documents\PIC\PROJECT\LCDIS.INC
              resetTimer0   0x00016f    program     static C:\Users\LENOVO\Documents\PIC\PROJECT\RxTx.asm
                     send   0x000056    program     static C:\Users\LENOVO\Documents\PIC\PROJECT\LCDIS.INC
                    start   0x000081    program     static C:\Users\LENOVO\Documents\PIC\PROJECT\RxTx.asm
     tenDigitWithoutCarry   0x000192    program     static C:\Users\LENOVO\Documents\PIC\PROJECT\RxTx.asm
            welcomeString   0x0001df    program     static C:\Users\LENOVO\Documents\PIC\PROJECT\RxTx.asm
                      xms   0x00004c    program     static C:\Users\LENOVO\Documents\PIC\PROJECT\LCDIS.INC



                              Symbols - Sorted by Address
                     Name    Address   Location    Storage File                     
                ---------  ---------  ---------  --------- ---------                
                     init   0x000005    program     static C:\Users\LENOVO\Documents\PIC\PROJECT\RxTx.asm
                      ISR   0x000036    program     static C:\Users\LENOVO\Documents\PIC\PROJECT\RxTx.asm
                     BACK   0x00003d    program     static C:\Users\LENOVO\Documents\PIC\PROJECT\RxTx.asm
                    onems   0x000046    program     static C:\Users\LENOVO\Documents\PIC\PROJECT\LCDIS.INC
                    loop1   0x000048    program     static C:\Users\LENOVO\Documents\PIC\PROJECT\LCDIS.INC
                      xms   0x00004c    program     static C:\Users\LENOVO\Documents\PIC\PROJECT\LCDIS.INC
                    loopX   0x00004d    program     static C:\Users\LENOVO\Documents\PIC\PROJECT\LCDIS.INC
                   pulseE   0x000051    program     static C:\Users\LENOVO\Documents\PIC\PROJECT\LCDIS.INC
                     send   0x000056    program     static C:\Users\LENOVO\Documents\PIC\PROJECT\LCDIS.INC
                     inid   0x000066    program     static C:\Users\LENOVO\Documents\PIC\PROJECT\LCDIS.INC
                    start   0x000081    program     static C:\Users\LENOVO\Documents\PIC\PROJECT\RxTx.asm
            BeginEntering   0x000091    program     static C:\Users\LENOVO\Documents\PIC\PROJECT\RxTx.asm
                  Number1   0x000096    program     static C:\Users\LENOVO\Documents\PIC\PROJECT\RxTx.asm
        SetCursorNum1Tens   0x0000a7    program     static C:\Users\LENOVO\Documents\PIC\PROJECT\RxTx.asm
         ENTERNumber1Tens   0x0000ab    program     static C:\Users\LENOVO\Documents\PIC\PROJECT\RxTx.asm
            INCREMENTTENS   0x0000b3    program     static C:\Users\LENOVO\Documents\PIC\PROJECT\RxTx.asm
                  MAXNine   0x0000b6    program     static C:\Users\LENOVO\Documents\PIC\PROJECT\RxTx.asm
        SetCursorNum1Ones   0x0000bf    program     static C:\Users\LENOVO\Documents\PIC\PROJECT\RxTx.asm
         ENTERNumber1Ones   0x0000c4    program     static C:\Users\LENOVO\Documents\PIC\PROJECT\RxTx.asm
            INCREMENTONES   0x0000cc    program     static C:\Users\LENOVO\Documents\PIC\PROJECT\RxTx.asm
               MAXNineOne   0x0000cf    program     static C:\Users\LENOVO\Documents\PIC\PROJECT\RxTx.asm
                  MulSign   0x0000d8    program     static C:\Users\LENOVO\Documents\PIC\PROJECT\RxTx.asm
        SetCursorNum2Tens   0x0000ed    program     static C:\Users\LENOVO\Documents\PIC\PROJECT\RxTx.asm
         ENTERNumber2Tens   0x0000f2    program     static C:\Users\LENOVO\Documents\PIC\PROJECT\RxTx.asm
           INCREMENTTENS2   0x0000fa    program     static C:\Users\LENOVO\Documents\PIC\PROJECT\RxTx.asm
                 MAXNine2   0x0000fd    program     static C:\Users\LENOVO\Documents\PIC\PROJECT\RxTx.asm
        SetCursorNum2Ones   0x000106    program     static C:\Users\LENOVO\Documents\PIC\PROJECT\RxTx.asm
         ENTERNumber2Ones   0x00010b    program     static C:\Users\LENOVO\Documents\PIC\PROJECT\RxTx.asm
           INCREMENTONES2   0x000113    program     static C:\Users\LENOVO\Documents\PIC\PROJECT\RxTx.asm
              MAXNineOne2   0x000116    program     static C:\Users\LENOVO\Documents\PIC\PROJECT\RxTx.asm
                EqualSign   0x00011f    program     static C:\Users\LENOVO\Documents\PIC\PROJECT\RxTx.asm
               Num1Concat   0x000126    program     static C:\Users\LENOVO\Documents\PIC\PROJECT\RxTx.asm
                  MulLoop   0x00012a    program     static C:\Users\LENOVO\Documents\PIC\PROJECT\RxTx.asm
                 MullPIC1   0x000135    program     static C:\Users\LENOVO\Documents\PIC\PROJECT\RxTx.asm
             MullOnesLoop   0x00013e    program     static C:\Users\LENOVO\Documents\PIC\PROJECT\RxTx.asm
                CarryLoop   0x000141    program     static C:\Users\LENOVO\Documents\PIC\PROJECT\RxTx.asm
                digitOnes   0x000147    program     static C:\Users\LENOVO\Documents\PIC\PROJECT\RxTx.asm
              DigitIsZero   0x00014d    program     static C:\Users\LENOVO\Documents\PIC\PROJECT\RxTx.asm
              MullTenLoop   0x00014f    program     static C:\Users\LENOVO\Documents\PIC\PROJECT\RxTx.asm
              SepNumber1H   0x00015e    program     static C:\Users\LENOVO\Documents\PIC\PROJECT\RxTx.asm
             num1Separate   0x000161    program     static C:\Users\LENOVO\Documents\PIC\PROJECT\RxTx.asm
                     loop   0x00016c    program     static C:\Users\LENOVO\Documents\PIC\PROJECT\RxTx.asm
              resetTimer0   0x00016f    program     static C:\Users\LENOVO\Documents\PIC\PROJECT\RxTx.asm
                  RXCHECK   0x00017a    program     static C:\Users\LENOVO\Documents\PIC\PROJECT\RxTx.asm
                  RECIVED   0x000180    program     static C:\Users\LENOVO\Documents\PIC\PROJECT\RxTx.asm
              backFromSep   0x000187    program     static C:\Users\LENOVO\Documents\PIC\PROJECT\RxTx.asm
            SecondNumCame   0x000188    program     static C:\Users\LENOVO\Documents\PIC\PROJECT\RxTx.asm
               ReturnFlag   0x00018b    program     static C:\Users\LENOVO\Documents\PIC\PROJECT\RxTx.asm
                 ADDITION   0x00018d    program     static C:\Users\LENOVO\Documents\PIC\PROJECT\RxTx.asm
     tenDigitWithoutCarry   0x000192    program     static C:\Users\LENOVO\Documents\PIC\PROJECT\RxTx.asm
                   DDIGIT   0x000198    program     static C:\Users\LENOVO\Documents\PIC\PROJECT\RxTx.asm
                 THOUSAND   0x00019f    program     static C:\Users\LENOVO\Documents\PIC\PROJECT\RxTx.asm
               PrintFinal   0x0001a9    program     static C:\Users\LENOVO\Documents\PIC\PROJECT\RxTx.asm
                 TRANSMIT   0x0001ce    program     static C:\Users\LENOVO\Documents\PIC\PROJECT\RxTx.asm
                 TIMERINT   0x0001d1    program     static C:\Users\LENOVO\Documents\PIC\PROJECT\RxTx.asm
            welcomeString   0x0001df    program     static C:\Users\LENOVO\Documents\PIC\PROJECT\RxTx.asm
            Number1String   0x000216    program     static C:\Users\LENOVO\Documents\PIC\PROJECT\RxTx.asm
                   newMUL   0x00022c    program     static C:\Users\LENOVO\Documents\PIC\PROJECT\RxTx.asm


